Component: ARM Compiler 5.06 update 7 (build 960) Tool: armlink [4d3601]

==============================================================================

Section Cross References

    stm32f4xx_it.o(.text) refers to stm32f4xx_exti.o(.text) for EXTI_GetITStatus
    stm32f4xx_it.o(.text) refers to drv_rcin.o(.text) for PPM_IRQH
    stm32f4xx_it.o(.text) refers to drv_gps.o(.text) for Uart1_GPS_IRQ
    stm32f4xx_it.o(.text) refers to drv_usart.o(.text) for Usart2_IRQ
    ano_usb.o(.text) refers to usbd_core.o(.text) for usbd_init
    ano_usb.o(.text) refers to usbd_hid.o(.text) for usbd_hid_get_report_trigger
    ano_usb.o(.text) refers to ano_dt.o(.text) for AnoDTRxOneByteUsb
    ano_usb.o(.text) refers to ano_usb.o(.data) for hid_datatemp_end
    ano_usb.o(.text) refers to ano_usb.o(.bss) for hid_datatemp
    usb_config.o(.text) refers to usbd_hid.o(.text) for USBD_HID_Configure_Event
    usb_config.o(.constdata) refers to usb_config.o(.text) for USBD_SOF_Event
    usb_config.o(.constdata) refers to usbd_core.o(.text) for USBD_EndPoint0
    usb_config.o(.constdata) refers to usbd_hid.o(.text) for USBD_HID_EP_INT_Event
    main.o(.text) refers to bsp_init.o(.text) for All_Init
    main.o(.text) refers to ano_scheduler.o(.text) for Scheduler_Setup
    main.o(.text) refers to ano_fcdata.o(.bss) for flag
    ano_scheduler.o(.text) refers to drv_time.o(.text) for GetSysTime_us
    ano_scheduler.o(.text) refers to ano_flightdatacal.o(.text) for Fc_Sensor_Get
    ano_scheduler.o(.text) refers to ano_sensor_basic.o(.text) for Sensor_Data_Prepare
    ano_scheduler.o(.text) refers to drv_gps.o(.text) for WCXY_Acc_Get_Task
    ano_scheduler.o(.text) refers to ano_flightctrl.o(.text) for Flight_State_Task
    ano_scheduler.o(.text) refers to ano_of_decofusion.o(.text) for ANO_OF_Data_Prepare_Task
    ano_scheduler.o(.text) refers to ano_dt.o(.text) for ANO_DT_Task1Ms
    ano_scheduler.o(.text) refers to ano_attctrl.o(.text) for Att_1level_Ctrl
    ano_scheduler.o(.text) refers to ano_motorctrl.o(.text) for Motor_Ctrl_Task
    ano_scheduler.o(.text) refers to ano_uwb.o(.text) for Ano_UWB_Get_Data_Task
    ano_scheduler.o(.text) refers to ano_imu.o(.text) for calculate_RPY
    ano_scheduler.o(.text) refers to drv_bsp.o(.text) for DrvRcInputTask
    ano_scheduler.o(.text) refers to ano_rc.o(.text) for RC_duty_task
    ano_scheduler.o(.text) refers to ano_altctrl.o(.text) for Alt_1level_Ctrl
    ano_scheduler.o(.text) refers to ano_of.o(.text) for AnoOF_Check_State
    ano_scheduler.o(.text) refers to drv_led.o(.text) for LED_Task2
    ano_scheduler.o(.text) refers to user_imu_datasend_1.o(.text) for User_IMU_DataSend
    ano_scheduler.o(.text) refers to user_rc.o(.text) for RC_task
    ano_scheduler.o(.text) refers to user_pid_height_1.o(.text) for User_PID_Height_Ctrl
    ano_scheduler.o(.text) refers to user_pid_yaw.o(.text) for User_PID_yaw_Ctrl
    ano_scheduler.o(.text) refers to user_openmv_cal.o(.text) for User_OPENMV_Localization
    ano_scheduler.o(.text) refers to ano_imu_task.o(.text) for ImuServices_20ms_c
    ano_scheduler.o(.text) refers to ano_flyctrl.o(.text) for FlyCtrl_Task
    ano_scheduler.o(.text) refers to ano_locctrl.o(.text) for Loc_1level_Ctrl
    ano_scheduler.o(.text) refers to drv_openmv.o(.text) for OpenMV_Offline_Check
    ano_scheduler.o(.text) refers to ano_opmv_cbtracking_ctrl.o(.text) for ANO_CBTracking_Task
    ano_scheduler.o(.text) refers to ano_opmv_linetracking_ctrl.o(.text) for ANO_LTracking_Task
    ano_scheduler.o(.text) refers to ano_opmv_ctrl.o(.text) for ANO_OPMV_Ctrl_Task
    ano_scheduler.o(.text) refers to ano_power.o(.text) for Power_UpdateTask
    ano_scheduler.o(.text) refers to drv_heating.o(.text) for Thermostatic_Ctrl_Task
    ano_scheduler.o(.text) refers to ano_parameter.o(.text) for Ano_Parame_Write_task
    ano_scheduler.o(.text) refers to ano_scheduler.o(.bss) for test_dT_1000hz
    ano_scheduler.o(.text) refers to ano_rc.o(.bss) for CH_N
    ano_scheduler.o(.text) refers to ano_scheduler.o(.data) for sched_tasks
    ano_scheduler.o(.data) refers to ano_scheduler.o(.text) for Loop_1000Hz
    bsp_init.o(.text) refers to drv_ak09915.o(.text) for DrvAK09915Check
    bsp_init.o(.text) refers to drv_ak8975.o(.text) for DrvAK8975Check
    bsp_init.o(.text) refers to misc.o(.text) for NVIC_PriorityGroupConfig
    bsp_init.o(.text) refers to drv_time.o(.text) for SysTick_Configuration
    bsp_init.o(.text) refers to drv_led.o(.text) for Drv_LED_Init
    bsp_init.o(.text) refers to drv_w25qxx.o(.text) for Flash_Init
    bsp_init.o(.text) refers to ano_fcdata.o(.text) for Para_Data_Init
    bsp_init.o(.text) refers to drv_bsp.o(.text) for DrvRcInputInit
    bsp_init.o(.text) refers to drv_pwm_out.o(.text) for PWM_Out_Init
    bsp_init.o(.text) refers to drv_spi.o(.text) for Drv_SPI2_init
    bsp_init.o(.text) refers to drv_spl06.o(.text) for Drv_SPL06CSPin_Init
    bsp_init.o(.text) refers to drv_bmi088.o(.text) for DrvGpioSenser088CsPinInit
[...]
    RCC_ITConfig                             0x080143c1   Thumb Code    74  stm32f4xx_rcc.o(.text)
    RCC_ClearFlag                            0x0801440b   Thumb Code    18  stm32f4xx_rcc.o(.text)
    RCC_GetITStatus                          0x0801441d   Thumb Code    68  stm32f4xx_rcc.o(.text)
    RCC_ClearITPendingBit                    0x08014461   Thumb Code    34  stm32f4xx_rcc.o(.text)
    SPI_I2S_DeInit                           0x08014489   Thumb Code   104  stm32f4xx_spi.o(.text)
    SPI_Init                                 0x080144f1   Thumb Code   348  stm32f4xx_spi.o(.text)
    I2S_Init                                 0x0801464d   Thumb Code   508  stm32f4xx_spi.o(.text)
    SPI_StructInit                           0x08014849   Thumb Code    24  stm32f4xx_spi.o(.text)
    I2S_StructInit                           0x08014861   Thumb Code   104  stm32f4xx_spi.o(.text)
    SPI_Cmd                                  0x080148c9   Thumb Code    82  stm32f4xx_spi.o(.text)
    I2S_Cmd                                  0x0801491b   Thumb Code    88  stm32f4xx_spi.o(.text)
    SPI_DataSizeConfig                       0x08014973   Thumb Code    78  stm32f4xx_spi.o(.text)
    SPI_BiDirectionalLineConfig              0x080149c1   Thumb Code    94  stm32f4xx_spi.o(.text)
    SPI_NSSInternalSoftwareConfig            0x08014a1f   Thumb Code    96  stm32f4xx_spi.o(.text)
    SPI_SSOutputCmd                          0x08014a7f   Thumb Code    82  stm32f4xx_spi.o(.text)
    SPI_TIModeCmd                            0x08014ad1   Thumb Code    82  stm32f4xx_spi.o(.text)
    I2S_FullDuplexConfig                     0x08014b23   Thumb Code   258  stm32f4xx_spi.o(.text)
    SPI_I2S_ReceiveData                      0x08014c25   Thumb Code    52  stm32f4xx_spi.o(.text)
    SPI_I2S_SendData                         0x08014c59   Thumb Code    54  stm32f4xx_spi.o(.text)
    SPI_CalculateCRC                         0x08014c8f   Thumb Code    98  stm32f4xx_spi.o(.text)
    SPI_TransmitCRC                          0x08014cf1   Thumb Code    46  stm32f4xx_spi.o(.text)
    SPI_GetCRC                               0x08014d1f   Thumb Code    74  stm32f4xx_spi.o(.text)
    SPI_GetCRCPolynomial                     0x08014d69   Thumb Code    40  stm32f4xx_spi.o(.text)
    SPI_I2S_DMACmd                           0x08014d91   Thumb Code   114  stm32f4xx_spi.o(.text)
    SPI_I2S_ITConfig                         0x08014e03   Thumb Code   138  stm32f4xx_spi.o(.text)
    SPI_I2S_GetFlagStatus                    0x08014e8d   Thumb Code   120  stm32f4xx_spi.o(.text)
    SPI_I2S_ClearFlag                        0x08014f05   Thumb Code    74  stm32f4xx_spi.o(.text)
    SPI_I2S_GetITStatus                      0x08014f4f   Thumb Code   154  stm32f4xx_spi.o(.text)
    SPI_I2S_ClearITPendingBit                0x08014fe9   Thumb Code    86  stm32f4xx_spi.o(.text)
    TIM_DeInit                               0x08015051   Thumb Code   440  stm32f4xx_tim.o(.text)
    TIM_TimeBaseInit                         0x08015209   Thumb Code   278  stm32f4xx_tim.o(.text)
    TIM_TimeBaseStructInit                   0x0801531f   Thumb Code    18  stm32f4xx_tim.o(.text)
    TIM_PrescalerConfig                      0x08015331   Thumb Code   128  stm32f4xx_tim.o(.text)
    TIM_CounterModeConfig                    0x080153b1   Thumb Code   100  stm32f4xx_tim.o(.text)
    TIM_SetCounter                           0x08015415   Thumb Code   222  stm32f4xx_tim.o(.text)
    TIM_SetAutoreload                        0x080154f3   Thumb Code   108  stm32f4xx_tim.o(.text)
    TIM_GetCounter                           0x0801555f   Thumb Code   106  stm32f4xx_tim.o(.text)
    TIM_GetPrescaler                         0x080155c9   Thumb Code   106  stm32f4xx_tim.o(.text)
    TIM_UpdateDisableConfig                  0x08015633   Thumb Code   148  stm32f4xx_tim.o(.text)
    TIM_UpdateRequestConfig                  0x080156c7   Thumb Code   148  stm32f4xx_tim.o(.text)
    TIM_ARRPreloadConfig                     0x0801575b   Thumb Code   148  stm32f4xx_tim.o(.text)
    TIM_SelectOnePulseMode                   0x080157ef   Thumb Code   142  stm32f4xx_tim.o(.text)
    TIM_SetClockDivision                     0x0801587d   Thumb Code   192  stm32f4xx_tim.o(.text)
    TIM_Cmd                                  0x0801593d   Thumb Code   148  stm32f4xx_tim.o(.text)
    TIM_OC1Init                              0x080159d1   Thumb Code   416  stm32f4xx_tim.o(.text)
    TIM_OC2Init                              0x08015b71   Thumb Code   486  stm32f4xx_tim.o(.text)
    TIM_OC3Init                              0x08015d57   Thumb Code   416  stm32f4xx_tim.o(.text)
    TIM_OC4Init                              0x08015ef7   Thumb Code   300  stm32f4xx_tim.o(.text)
    TIM_OCStructInit                         0x08016023   Thumb Code    20  stm32f4xx_tim.o(.text)
    TIM_SelectOCxM                           0x08016037   Thumb Code   256  stm32f4xx_tim.o(.text)
    TIM_SetCompare1                          0x08016137   Thumb Code   142  stm32f4xx_tim.o(.text)
    TIM_SetCompare2                          0x080161c5   Thumb Code    72  stm32f4xx_tim.o(.text)
    TIM_SetCompare3                          0x0801620d   Thumb Code    60  stm32f4xx_tim.o(.text)
    TIM_SetCompare4                          0x08016249   Thumb Code    60  stm32f4xx_tim.o(.text)
    TIM_ForcedOC1Config                      0x08016285   Thumb Code   130  stm32f4xx_tim.o(.text)
    TIM_ForcedOC2Config                      0x08016307   Thumb Code   114  stm32f4xx_tim.o(.text)
    TIM_ForcedOC3Config                      0x08016379   Thumb Code    94  stm32f4xx_tim.o(.text)
    TIM_ForcedOC4Config                      0x080163d7   Thumb Code   102  stm32f4xx_tim.o(.text)
    TIM_OC1PreloadConfig                     0x0801643d   Thumb Code   124  stm32f4xx_tim.o(.text)
    TIM_OC2PreloadConfig                     0x080164b9   Thumb Code   108  stm32f4xx_tim.o(.text)
    TIM_OC3PreloadConfig                     0x08016525   Thumb Code   136  stm32f4xx_tim.o(.text)
    TIM_OC4PreloadConfig                     0x080165ad   Thumb Code    96  stm32f4xx_tim.o(.text)
    TIM_OC1FastConfig                        0x0801660d   Thumb Code   124  stm32f4xx_tim.o(.text)
    TIM_OC2FastConfig                        0x08016689   Thumb Code   108  stm32f4xx_tim.o(.text)
    TIM_OC3FastConfig                        0x080166f5   Thumb Code    88  stm32f4xx_tim.o(.text)
    TIM_OC4FastConfig                        0x0801674d   Thumb Code    96  stm32f4xx_tim.o(.text)
    TIM_ClearOC1Ref                          0x080167ad   Thumb Code   124  stm32f4xx_tim.o(.text)
    TIM_ClearOC2Ref                          0x08016829   Thumb Code   106  stm32f4xx_tim.o(.text)
    TIM_ClearOC3Ref                          0x08016893   Thumb Code    88  stm32f4xx_tim.o(.text)
    TIM_ClearOC4Ref                          0x080168eb   Thumb Code    94  stm32f4xx_tim.o(.text)
    TIM_OC1PolarityConfig                    0x08016949   Thumb Code   174  stm32f4xx_tim.o(.text)
    TIM_OC1NPolarityConfig                   0x080169f7   Thumb Code    64  stm32f4xx_tim.o(.text)
    TIM_OC2PolarityConfig                    0x08016a37   Thumb Code   108  stm32f4xx_tim.o(.text)
    TIM_OC2NPolarityConfig                   0x08016aa3   Thumb Code    72  stm32f4xx_tim.o(.text)
    TIM_OC3PolarityConfig                    0x08016aeb   Thumb Code    96  stm32f4xx_tim.o(.text)
    TIM_OC3NPolarityConfig                   0x08016b4b   Thumb Code    72  stm32f4xx_tim.o(.text)
    TIM_OC4PolarityConfig                    0x08016b93   Thumb Code    96  stm32f4xx_tim.o(.text)
    TIM_CCxCmd                               0x08016bf3   Thumb Code   168  stm32f4xx_tim.o(.text)
    TIM_CCxNCmd                              0x08016c9b   Thumb Code   104  stm32f4xx_tim.o(.text)
    TIM_SetIC4Prescaler                      0x08016d03   Thumb Code   106  stm32f4xx_tim.o(.text)
    TIM_SetIC3Prescaler                      0x08016ded   Thumb Code    98  stm32f4xx_tim.o(.text)
    TIM_SetIC2Prescaler                      0x08016e97   Thumb Code   118  stm32f4xx_tim.o(.text)
    TIM_SetIC1Prescaler                      0x08016f5d   Thumb Code   134  stm32f4xx_tim.o(.text)
    TIM_ICInit                               0x0801701d   Thumb Code   508  stm32f4xx_tim.o(.text)
    TIM_ICStructInit                         0x08017219   Thumb Code    18  stm32f4xx_tim.o(.text)
    TIM_PWMIConfig                           0x0801722b   Thumb Code   184  stm32f4xx_tim.o(.text)
    TIM_GetCapture1                          0x080172e3   Thumb Code    92  stm32f4xx_tim.o(.text)
    TIM_GetCapture2                          0x0801733f   Thumb Code    68  stm32f4xx_tim.o(.text)
    TIM_GetCapture3                          0x08017383   Thumb Code    56  stm32f4xx_tim.o(.text)
    TIM_GetCapture4                          0x080173bb   Thumb Code    56  stm32f4xx_tim.o(.text)
    TIM_BDTRConfig                           0x080173f3   Thumb Code   222  stm32f4xx_tim.o(.text)
    TIM_BDTRStructInit                       0x080174d1   Thumb Code    18  stm32f4xx_tim.o(.text)
    TIM_CtrlPWMOutputs                       0x080174e3   Thumb Code    78  stm32f4xx_tim.o(.text)
    TIM_SelectCOM                            0x08017531   Thumb Code    72  stm32f4xx_tim.o(.text)
    TIM_CCPreloadControl                     0x08017579   Thumb Code    72  stm32f4xx_tim.o(.text)
    TIM_ITConfig                             0x080175c1   Thumb Code   218  stm32f4xx_tim.o(.text)
    TIM_GenerateEvent                        0x0801769b   Thumb Code   126  stm32f4xx_tim.o(.text)
    TIM_GetFlagStatus                        0x08017719   Thumb Code   188  stm32f4xx_tim.o(.text)
    TIM_ClearFlag                            0x080177d5   Thumb Code   108  stm32f4xx_tim.o(.text)
    TIM_GetITStatus                          0x08017841   Thumb Code   186  stm32f4xx_tim.o(.text)
    TIM_ClearITPendingBit                    0x080178fb   Thumb Code   108  stm32f4xx_tim.o(.text)
    TIM_DMAConfig                            0x08017967   Thumb Code   334  stm32f4xx_tim.o(.text)
    TIM_DMACmd                               0x08017ab5   Thumb Code   126  stm32f4xx_tim.o(.text)
    TIM_SelectCCDMA                          0x08017b33   Thumb Code    96  stm32f4xx_tim.o(.text)
    TIM_InternalClockConfig                  0x08017b93   Thumb Code    76  stm32f4xx_tim.o(.text)
    TIM_SelectInputTrigger                   0x08017bdf   Thumb Code   148  stm32f4xx_tim.o(.text)
    TIM_ITRxExternalClockConfig              0x08017c73   Thumb Code   110  stm32f4xx_tim.o(.text)
    TIM_TIxExternalClockConfig               0x08017ce1   Thumb Code   184  stm32f4xx_tim.o(.text)
    TIM_ETRConfig                            0x08017d99   Thumb Code   164  stm32f4xx_tim.o(.text)
    TIM_ETRClockMode1Config                  0x08017e3d   Thumb Code   228  stm32f4xx_tim.o(.text)
    TIM_ETRClockMode2Config                  0x08017f21   Thumb Code   152  stm32f4xx_tim.o(.text)
    TIM_SelectOutputTrigger                  0x08017fb9   Thumb Code   126  stm32f4xx_tim.o(.text)
    TIM_SelectSlaveMode                      0x08018037   Thumb Code   112  stm32f4xx_tim.o(.text)
    TIM_SelectMasterSlaveMode                0x080180a7   Thumb Code   102  stm32f4xx_tim.o(.text)
    TIM_EncoderInterfaceConfig               0x0801810d   Thumb Code   226  stm32f4xx_tim.o(.text)
    TIM_SelectHallSensor                     0x080181ef   Thumb Code   108  stm32f4xx_tim.o(.text)
    TIM_RemapConfig                          0x0801825b   Thumb Code   138  stm32f4xx_tim.o(.text)
    USART_DeInit                             0x080182e5   Thumb Code   202  stm32f4xx_usart.o(.text)
    USART_Init                               0x080183af   Thumb Code   456  stm32f4xx_usart.o(.text)
    USART_StructInit                         0x08018577   Thumb Code    24  stm32f4xx_usart.o(.text)
    USART_ClockInit                          0x0801858f   Thumb Code   166  stm32f4xx_usart.o(.text)
    USART_ClockStructInit                    0x08018635   Thumb Code    12  stm32f4xx_usart.o(.text)
    USART_Cmd                                0x08018641   Thumb Code    96  stm32f4xx_usart.o(.text)
    USART_SetPrescaler                       0x080186a1   Thumb Code   160  stm32f4xx_usart.o(.text)
    USART_OverSampling8Cmd                   0x08018741   Thumb Code    98  stm32f4xx_usart.o(.text)
    USART_OneBitMethodCmd                    0x080187a3   Thumb Code   100  stm32f4xx_usart.o(.text)
    USART_SendData                           0x08018807   Thumb Code    84  stm32f4xx_usart.o(.text)
    USART_ReceiveData                        0x0801885b   Thumb Code    62  stm32f4xx_usart.o(.text)
    USART_SetAddress                         0x08018899   Thumb Code    92  stm32f4xx_usart.o(.text)
    USART_ReceiverWakeUpCmd                  0x080188f5   Thumb Code   100  stm32f4xx_usart.o(.text)
    USART_WakeUpConfig                       0x08018959   Thumb Code    96  stm32f4xx_usart.o(.text)
    USART_LINBreakDetectLengthConfig         0x080189b9   Thumb Code    94  stm32f4xx_usart.o(.text)
    USART_LINCmd                             0x08018a17   Thumb Code   100  stm32f4xx_usart.o(.text)
    USART_SendBreak                          0x08018a7b   Thumb Code    64  stm32f4xx_usart.o(.text)
    USART_HalfDuplexCmd                      0x08018abb   Thumb Code   100  stm32f4xx_usart.o(.text)
    USART_SetGuardTime                       0x08018b1f   Thumb Code    86  stm32f4xx_usart.o(.text)
    USART_SmartCardCmd                       0x08018b75   Thumb Code    88  stm32f4xx_usart.o(.text)
    USART_SmartCardNACKCmd                   0x08018bcd   Thumb Code    88  stm32f4xx_usart.o(.text)
    USART_IrDAConfig                         0x08018c25   Thumb Code    94  stm32f4xx_usart.o(.text)
    USART_IrDACmd                            0x08018c83   Thumb Code   100  stm32f4xx_usart.o(.text)
    USART_DMACmd                             0x08018ce7   Thumb Code   120  stm32f4xx_usart.o(.text)
    USART_ITConfig                           0x08018d5f   Thumb Code   268  stm32f4xx_usart.o(.text)
    USART_GetFlagStatus                      0x08018e6b   Thumb Code   176  stm32f4xx_usart.o(.text)
    USART_ClearFlag                          0x08018f1b   Thumb Code   160  stm32f4xx_usart.o(.text)
    USART_GetITStatus                        0x08018fbb   Thumb Code   284  stm32f4xx_usart.o(.text)
    USART_ClearITPendingBit                  0x080190d7   Thumb Code   170  stm32f4xx_usart.o(.text)
    SystemInit                               0x08019275   Thumb Code    88  system_stm32f4xx.o(.text)
    SystemCoreClockUpdate                    0x080192cd   Thumb Code   174  system_stm32f4xx.o(.text)
    Reset_Handler                            0x080193a9   Thumb Code     8  startup_stm32f4xx.o(.text)
    HardFault_Handler                        0x080193b3   Thumb Code     2  startup_stm32f4xx.o(.text)
    PendSV_Handler                           0x080193bf   Thumb Code     2  startup_stm32f4xx.o(.text)
    ADC_IRQHandler                           0x080193c3   Thumb Code     0  startup_stm32f4xx.o(.text)
    CAN1_RX0_IRQHandler                      0x080193c3   Thumb Code     0  startup_stm32f4xx.o(.text)
    CAN1_RX1_IRQHandler                      0x080193c3   Thumb Code     0  startup_stm32f4xx.o(.text)
    CAN1_SCE_IRQHandler                      0x080193c3   Thumb Code     0  startup_stm32f4xx.o(.text)
    CAN1_TX_IRQHandler                       0x080193c3   Thumb Code     0  startup_stm32f4xx.o(.text)
    CAN2_RX0_IRQHandler                      0x080193c3   Thumb Code     0  startup_stm32f4xx.o(.text)
    CAN2_RX1_IRQHandler                      0x080193c3   Thumb Code     0  startup_stm32f4xx.o(.text)
    CAN2_SCE_IRQHandler                      0x080193c3   Thumb Code     0  startup_stm32f4xx.o(.text)
    CAN2_TX_IRQHandler                       0x080193c3   Thumb Code     0  startup_stm32f4xx.o(.text)
    CRYP_IRQHandler                          0x080193c3   Thumb Code     0  startup_stm32f4xx.o(.text)
    DCMI_IRQHandler                          0x080193c3   Thumb Code     0  startup_stm32f4xx.o(.text)
    DMA1_Stream0_IRQHandler                  0x080193c3   Thumb Code     0  startup_stm32f4xx.o(.text)
    DMA1_Stream1_IRQHandler                  0x080193c3   Thumb Code     0  startup_stm32f4xx.o(.text)
    DMA1_Stream2_IRQHandler                  0x080193c3   Thumb Code     0  startup_stm32f4xx.o(.text)
    DMA1_Stream3_IRQHandler                  0x080193c3   Thumb Code     0  startup_stm32f4xx.o(.text)
    DMA1_Stream4_IRQHandler                  0x080193c3   Thumb Code     0  startup_stm32f4xx.o(.text)
    DMA1_Stream5_IRQHandler                  0x080193c3   Thumb Code     0  startup_stm32f4xx.o(.text)
    DMA1_Stream6_IRQHandler                  0x080193c3   Thumb Code     0  startup_stm32f4xx.o(.text)
    DMA1_Stream7_IRQHandler                  0x080193c3   Thumb Code     0  startup_stm32f4xx.o(.text)
    DMA2_Stream0_IRQHandler                  0x080193c3   Thumb Code     0  startup_stm32f4xx.o(.text)
    DMA2_Stream1_IRQHandler                  0x080193c3   Thumb Code     0  startup_stm32f4xx.o(.text)
    DMA2_Stream2_IRQHandler                  0x080193c3   Thumb Code     0  startup_stm32f4xx.o(.text)
    DMA2_Stream3_IRQHandler                  0x080193c3   Thumb Code     0  startup_stm32f4xx.o(.text)
    DMA2_Stream4_IRQHandler                  0x080193c3   Thumb Code     0  startup_stm32f4xx.o(.text)
    DMA2_Stream5_IRQHandler                  0x080193c3   Thumb Code     0  startup_stm32f4xx.o(.text)
    DMA2_Stream6_IRQHandler                  0x080193c3   Thumb Code     0  startup_stm32f4xx.o(.text)
    DMA2_Stream7_IRQHandler                  0x080193c3   Thumb Code     0  startup_stm32f4xx.o(.text)
    ETH_IRQHandler                           0x080193c3   Thumb Code     0  startup_stm32f4xx.o(.text)
    ETH_WKUP_IRQHandler                      0x080193c3   Thumb Code     0  startup_stm32f4xx.o(.text)
    EXTI0_IRQHandler                         0x080193c3   Thumb Code     0  startup_stm32f4xx.o(.text)
    EXTI15_10_IRQHandler                     0x080193c3   Thumb Code     0  startup_stm32f4xx.o(.text)
    EXTI1_IRQHandler                         0x080193c3   Thumb Code     0  startup_stm32f4xx.o(.text)
    EXTI2_IRQHandler                         0x080193c3   Thumb Code     0  startup_stm32f4xx.o(.text)
    EXTI3_IRQHandler                         0x080193c3   Thumb Code     0  startup_stm32f4xx.o(.text)
    EXTI4_IRQHandler                         0x080193c3   Thumb Code     0  startup_stm32f4xx.o(.text)
    FLASH_IRQHandler                         0x080193c3   Thumb Code     0  startup_stm32f4xx.o(.text)
    FPU_IRQHandler                           0x080193c3   Thumb Code     0  startup_stm32f4xx.o(.text)
    FSMC_IRQHandler                          0x080193c3   Thumb Code     0  startup_stm32f4xx.o(.text)
    HASH_RNG_IRQHandler                      0x080193c3   Thumb Code     0  startup_stm32f4xx.o(.text)
    I2C1_ER_IRQHandler                       0x080193c3   Thumb Code     0  startup_stm32f4xx.o(.text)
    I2C1_EV_IRQHandler                       0x080193c3   Thumb Code     0  startup_stm32f4xx.o(.text)
    I2C2_ER_IRQHandler                       0x080193c3   Thumb Code     0  startup_stm32f4xx.o(.text)
    I2C2_EV_IRQHandler                       0x080193c3   Thumb Code     0  startup_stm32f4xx.o(.text)
    I2C3_ER_IRQHandler                       0x080193c3   Thumb Code     0  startup_stm32f4xx.o(.text)
    I2C3_EV_IRQHandler                       0x080193c3   Thumb Code     0  startup_stm32f4xx.o(.text)
    OTG_FS_WKUP_IRQHandler                   0x080193c3   Thumb Code     0  startup_stm32f4xx.o(.text)
    OTG_HS_EP1_IN_IRQHandler                 0x080193c3   Thumb Code     0  startup_stm32f4xx.o(.text)
    OTG_HS_EP1_OUT_IRQHandler                0x080193c3   Thumb Code     0  startup_stm32f4xx.o(.text)
    OTG_HS_IRQHandler                        0x080193c3   Thumb Code     0  startup_stm32f4xx.o(.text)
    OTG_HS_WKUP_IRQHandler                   0x080193c3   Thumb Code     0  startup_stm32f4xx.o(.text)
    PVD_IRQHandler                           0x080193c3   Thumb Code     0  startup_stm32f4xx.o(.text)
    RCC_IRQHandler                           0x080193c3   Thumb Code     0  startup_stm32f4xx.o(.text)
    RTC_Alarm_IRQHandler                     0x080193c3   Thumb Code     0  startup_stm32f4xx.o(.text)
    RTC_WKUP_IRQHandler                      0x080193c3   Thumb Code     0  startup_stm32f4xx.o(.text)
    SDIO_IRQHandler                          0x080193c3   Thumb Code     0  startup_stm32f4xx.o(.text)
    SPI1_IRQHandler                          0x080193c3   Thumb Code     0  startup_stm32f4xx.o(.text)
    SPI2_IRQHandler                          0x080193c3   Thumb Code     0  startup_stm32f4xx.o(.text)
    SPI3_IRQHandler                          0x080193c3   Thumb Code     0  startup_stm32f4xx.o(.text)
    TAMP_STAMP_IRQHandler                    0x080193c3   Thumb Code     0  startup_stm32f4xx.o(.text)
    TIM1_BRK_TIM9_IRQHandler                 0x080193c3   Thumb Code     0  startup_stm32f4xx.o(.text)
    TIM1_CC_IRQHandler                       0x080193c3   Thumb Code     0  startup_stm32f4xx.o(.text)
    TIM1_TRG_COM_TIM11_IRQHandler            0x080193c3   Thumb Code     0  startup_stm32f4xx.o(.text)
    TIM1_UP_TIM10_IRQHandler                 0x080193c3   Thumb Code     0  startup_stm32f4xx.o(.text)
    TIM2_IRQHandler                          0x080193c3   Thumb Code     0  startup_stm32f4xx.o(.text)
    TIM5_IRQHandler                          0x080193c3   Thumb Code     0  startup_stm32f4xx.o(.text)
    TIM6_DAC_IRQHandler                      0x080193c3   Thumb Code     0  startup_stm32f4xx.o(.text)
    TIM7_IRQHandler                          0x080193c3   Thumb Code     0  startup_stm32f4xx.o(.text)
    TIM8_BRK_TIM12_IRQHandler                0x080193c3   Thumb Code     0  startup_stm32f4xx.o(.text)
    TIM8_CC_IRQHandler                       0x080193c3   Thumb Code     0  startup_stm32f4xx.o(.text)
    TIM8_TRG_COM_TIM14_IRQHandler            0x080193c3   Thumb Code     0  startup_stm32f4xx.o(.text)
    TIM8_UP_TIM13_IRQHandler                 0x080193c3   Thumb Code     0  startup_stm32f4xx.o(.text)
    WWDG_IRQHandler                          0x080193c3   Thumb Code     0  startup_stm32f4xx.o(.text)
    usbd_init                                0x080193cd   Thumb Code    22  usbd_core.o(.text)
    usbd_connect                             0x080193e3   Thumb Code    12  usbd_core.o(.text)
    usbd_reset_core                          0x080193ef   Thumb Code    38  usbd_core.o(.text)
    usbd_configured                          0x08019415   Thumb Code    14  usbd_core.o(.text)
    USBD_SetupStage                          0x08019423   Thumb Code    12  usbd_core.o(.text)
    USBD_DataInStage                         0x0801942f   Thumb Code    66  usbd_core.o(.text)
    USBD_DataOutStage                        0x08019471   Thumb Code    34  usbd_core.o(.text)
    USBD_StatusInStage                       0x08019493   Thumb Code    14  usbd_core.o(.text)
    USBD_StatusOutStage                      0x080194a1   Thumb Code    12  usbd_core.o(.text)
    USBD_ReqGetStatus                        0x080194ad   Thumb Code   160  usbd_core.o(.text)
    USBD_ReqSetClrFeature                    0x0801954d   Thumb Code   216  usbd_core.o(.text)
    USBD_ReqGetDescriptor                    0x08019625   Thumb Code   380  usbd_core.o(.text)
    USBD_ReqGetConfiguration                 0x080197a1   Thumb Code   122  usbd_core.o(.text)
    USBD_ReqSetConfiguration                 0x0801981b   Thumb Code   432  usbd_core.o(.text)
    USBD_ReqGetInterface                     0x080199cb   Thumb Code    60  usbd_core.o(.text)
    USBD_ReqSetInterface                     0x08019a07   Thumb Code   308  usbd_core.o(.text)
    USBD_EndPoint0                           0x08019b3b   Thumb Code   680  usbd_core.o(.text)
    USBD_ReqGetDescriptor_HID                0x08019dfd   Thumb Code   132  usbd_core_hid.o(.text)
    USBD_EndPoint0_Setup_HID_ReqToIF         0x08019e81   Thumb Code   200  usbd_core_hid.o(.text)
    USBD_EndPoint0_Out_HID_ReqToIF           0x08019f49   Thumb Code    44  usbd_core_hid.o(.text)
    usbd_hid_init                            0x08019fad   Thumb Code     2  usbd_hid.o(.text)
    usbd_hid_get_protocol                    0x08019fbd   Thumb Code     4  usbd_hid.o(.text)
    usbd_hid_set_protocol                    0x08019fc1   Thumb Code     2  usbd_hid.o(.text)
    USBD_HID_GetReport                       0x08019fc3   Thumb Code    54  usbd_hid.o(.text)
    USBD_HID_SetReport                       0x08019ff9   Thumb Code    58  usbd_hid.o(.text)
    USBD_HID_GetIdle                         0x0801a033   Thumb Code    16  usbd_hid.o(.text)
    USBD_HID_SetIdle                         0x0801a043   Thumb Code    48  usbd_hid.o(.text)
    USBD_HID_GetProtocol                     0x0801a073   Thumb Code    14  usbd_hid.o(.text)
    USBD_HID_SetProtocol                     0x0801a081   Thumb Code    14  usbd_hid.o(.text)
    USBD_HID_EP_INTIN_Event                  0x0801a08f   Thumb Code   422  usbd_hid.o(.text)
    USBD_HID_EP_INTOUT_Event                 0x0801a235   Thumb Code   148  usbd_hid.o(.text)
    USBD_HID_Configure_Event                 0x0801a2c9   Thumb Code    48  usbd_hid.o(.text)
    USBD_HID_EP_INT_Event                    0x0801a2f9   Thumb Code    30  usbd_hid.o(.text)
    USBD_HID_SOF_Event                       0x0801a317   Thumb Code   460  usbd_hid.o(.text)
    usbd_hid_get_report_trigger              0x0801a4e3   Thumb Code   148  usbd_hid.o(.text)
    AccGyrStableCheck_Services               0x0801a5b1   Thumb Code   512  ano_imu_calibration.o(.text)
    GetGyrAvValue                            0x0801a7b1   Thumb Code   174  ano_imu_calibration.o(.text)
    GetAccAvValue                            0x0801a85f   Thumb Code   174  ano_imu_calibration.o(.text)
    ImuSensitivityInit                       0x0801a94d   Thumb Code   108  ano_imu_data.o(.text)
    ImuDataGet                               0x0801a9b9   Thumb Code    64  ano_imu_data.o(.text)
    ImuTemperatureGet                        0x0801a9f9   Thumb Code    10  ano_imu_data.o(.text)
    ImuDataCalcu                             0x0801aa03   Thumb Code   282  ano_imu_data.o(.text)
    ImuServices_1ms_c                        0x0801ab31   Thumb Code   116  ano_imu_task.o(.text)
    ImuServices_20ms_c                       0x0801aba5   Thumb Code    18  ano_imu_task.o(.text)
    __aeabi_memcpy                           0x0801abd5   Thumb Code    36  memcpya.o(.text)
    __aeabi_memcpy4                          0x0801abd5   Thumb Code     0  memcpya.o(.text)
    __aeabi_memcpy8                          0x0801abd5   Thumb Code     0  memcpya.o(.text)
    __aeabi_dadd                             0x0801abf9   Thumb Code   322  dadd.o(.text)
    __aeabi_dsub                             0x0801ad3b   Thumb Code     6  dadd.o(.text)
    __aeabi_drsub                            0x0801ad41   Thumb Code     6  dadd.o(.text)
    __aeabi_dmul                             0x0801ad47   Thumb Code   228  dmul.o(.text)
    __aeabi_i2d                              0x0801ae2b   Thumb Code    34  dflti.o(.text)
    __aeabi_d2iz                             0x0801ae4d   Thumb Code    62  dfixi.o(.text)
    __aeabi_f2d                              0x0801ae8b   Thumb Code    38  f2d.o(.text)
    __aeabi_cdcmpeq                          0x0801aeb1   Thumb Code     0  cdcmple.o(.text)
    __aeabi_cdcmple                          0x0801aeb1   Thumb Code    48  cdcmple.o(.text)
    __aeabi_cdrcmple                         0x0801aee1   Thumb Code    48  cdrcmple.o(.text)
    __aeabi_d2f                              0x0801af11   Thumb Code    56  d2f.o(.text)
    __aeabi_llsl                             0x0801af49   Thumb Code    30  llshl.o(.text)
    _ll_shift_l                              0x0801af49   Thumb Code     0  llshl.o(.text)
    __aeabi_llsr                             0x0801af67   Thumb Code    32  llushr.o(.text)
    _ll_ushift_r                             0x0801af67   Thumb Code     0  llushr.o(.text)
    __aeabi_lasr                             0x0801af87   Thumb Code    36  llsshr.o(.text)
    _ll_sshift_r                             0x0801af87   Thumb Code     0  llsshr.o(.text)
    __I$use$fp                               0x0801afab   Thumb Code     0  iusefp.o(.text)
    _float_round                             0x0801afab   Thumb Code    18  fepilogue.o(.text)
    _float_epilogue                          0x0801afbd   Thumb Code    92  fepilogue.o(.text)
    _double_round                            0x0801b019   Thumb Code    30  depilogue.o(.text)
    _double_epilogue                         0x0801b037   Thumb Code   156  depilogue.o(.text)
    __scatterload                            0x0801b0d5   Thumb Code    28  init.o(.text)
    __scatterload_rt2                        0x0801b0d5   Thumb Code     0  init.o(.text)
    __decompress                             0x0801b0f9   Thumb Code     0  __dczerorl2.o(.text)
    __decompress1                            0x0801b0f9   Thumb Code    86  __dczerorl2.o(.text)
    __scatterload_copy                       0x0801b14f   Thumb Code    14  handlers.o(i.__scatterload_copy)
    __scatterload_null                       0x0801b15d   Thumb Code     2  handlers.o(i.__scatterload_null)
    __scatterload_zeroinit                   0x0801b15f   Thumb Code    14  handlers.o(i.__scatterload_zeroinit)
    free                                     0x0801b16d   Thumb Code    76  malloc.o(i.free)
    malloc                                   0x0801b1bd   Thumb Code    92  malloc.o(i.malloc)
    usbd_power                               0x0801b228   Data           1  usb_config.o(.constdata)
    usbd_hs_enable                           0x0801b229   Data           1  usb_config.o(.constdata)
    usbd_if_num                              0x0801b22a   Data           2  usb_config.o(.constdata)
    usbd_ep_num                              0x0801b22c   Data           1  usb_config.o(.constdata)
    usbd_max_packet0                         0x0801b22d   Data           1  usb_config.o(.constdata)
    usbd_hid_if_num                          0x0801b22e   Data           1  usb_config.o(.constdata)
    usbd_hid_ep_intin                        0x0801b22f   Data           1  usb_config.o(.constdata)
    usbd_hid_ep_intout                       0x0801b230   Data           1  usb_config.o(.constdata)
    usbd_hid_interval                        0x0801b232   Data           4  usb_config.o(.constdata)
    usbd_hid_maxpacketsize                   0x0801b236   Data           4  usb_config.o(.constdata)
    usbd_hid_inreport_num                    0x0801b23a   Data           1  usb_config.o(.constdata)
    usbd_hid_outreport_num                   0x0801b23b   Data           1  usb_config.o(.constdata)
    usbd_hid_inreport_max_sz                 0x0801b23c   Data           2  usb_config.o(.constdata)
    usbd_hid_outreport_max_sz                0x0801b23e   Data           2  usb_config.o(.constdata)
    usbd_hid_featreport_max_sz               0x0801b240   Data           2  usb_config.o(.constdata)
    USBD_P_Power_Event                       0x0801b244   Data           4  usb_config.o(.constdata)
    USBD_P_Reset_Event                       0x0801b248   Data           4  usb_config.o(.constdata)
    USBD_P_Suspend_Event                     0x0801b24c   Data           4  usb_config.o(.constdata)
    USBD_P_Resume_Event                      0x0801b250   Data           4  usb_config.o(.constdata)
    USBD_P_WakeUp_Event                      0x0801b254   Data           4  usb_config.o(.constdata)
    USBD_P_SOF_Event                         0x0801b258   Data           4  usb_config.o(.constdata)
    USBD_P_Error_Event                       0x0801b25c   Data           4  usb_config.o(.constdata)
    USBD_P_EP                                0x0801b260   Data          64  usb_config.o(.constdata)
    USBD_P_Configure_Event                   0x0801b2a0   Data           4  usb_config.o(.constdata)
    USBD_P_Interface_Event                   0x0801b2a4   Data           4  usb_config.o(.constdata)
    USBD_P_Feature_Event                     0x0801b2a8   Data           4  usb_config.o(.constdata)
    __rtx                                    0x0801b2ac   Data           4  usb_config.o(.constdata)
    USBD_HID_ReportDescriptor                0x0801b2b0   Data          33  usb_config.o(.constdata)
    USBD_HID_ReportDescriptorSize            0x0801b2d2   Data           2  usb_config.o(.constdata)
    USBD_HID_DescriptorOffset                0x0801b2d4   Data           2  usb_config.o(.constdata)
    USBD_DeviceDescriptor                    0x0801b2d6   Data          18  usb_config.o(.constdata)
    USBD_DeviceQualifier                     0x0801b2e8   Data           1  usb_config.o(.constdata)
    USBD_DeviceQualifier_HS                  0x0801b2e9   Data           1  usb_config.o(.constdata)
    USBD_ConfigDescriptor                    0x0801b2ea   Data          42  usb_config.o(.constdata)
    USBD_ConfigDescriptor_HS                 0x0801b314   Data           1  usb_config.o(.constdata)
    USBD_OtherSpeedConfigDescriptor          0x0801b315   Data           1  usb_config.o(.constdata)
    USBD_OtherSpeedConfigDescriptor_HS       0x0801b316   Data           1  usb_config.o(.constdata)
    USBD_StringDescriptor                    0x0801b318   Data         132  usb_config.o(.constdata)
    _cs_idlist                               0x0801b39c   Data          24  ano_dt.o(.constdata)
    fast_atan_table                          0x0801b3b4   Data        1028  ano_math.o(.constdata)
    gps_petrol_out_config                    0x0801b7b8   Data          28  drv_gps.o(.constdata)
    gps_pvt_out_config                       0x0801b7d4   Data          90  drv_gps.o(.constdata)
    gps_rate_out_config                      0x0801b82e   Data          16  drv_gps.o(.constdata)
    Enter_Send                               0x0801b83e   Data           9  drv_gps.o(.constdata)
    Region$$Table$$Base                      0x0801b98c   Number         0  anon$$obj.o(Region$$Table)
    Region$$Table$$Limit                     0x0801b9ac   Number         0  anon$$obj.o(Region$$Table)
    HID_SEND_TIMEOUT                         0x20000000   Data           1  ano_usb.o(.data)
    hid_datatemp_begin                       0x20000002   Data           2  ano_usb.o(.data)
    hid_datatemp_end                         0x20000004   Data           2  ano_usb.o(.data)
    USBD_AltSetting                          0x20000008   Data           1  usb_config.o(.data)
    USBD_HID_PollingCnt                      0x2000000a   Data           2  usb_config.o(.data)
    USBD_HID_IdleCnt                         0x2000000c   Data           1  usb_config.o(.data)
    USBD_HID_IdleReload                      0x2000000d   Data           1  usb_config.o(.data)
    USBD_HID_IdleSet                         0x2000000e   Data           1  usb_config.o(.data)
    USBD_HID_FeatReport                      0x2000000f   Data           2  usb_config.o(.data)
    MagType                                  0x20000068   Data           1  bsp_init.o(.data)
    of_init_type                             0x20000069   Data           1  bsp_init.o(.data)
    test_cali_cnt                            0x2000006a   Data           1  ano_dt.o(.data)
    unlock_f                                 0x2000006c   Data           2  ano_rc.o(.data)
    stick_fun_0                              0x2000006e   Data           1  ano_rc.o(.data)
    unlock_time                              0x20000070   Data           2  ano_rc.o(.data)
    cali_gyro                                0x20000072   Data           2  ano_rc.o(.data)
    cali_acc                                 0x20000074   Data           2  ano_rc.o(.data)
    cali_surface                             0x20000076   Data           2  ano_rc.o(.data)
    cali_mag                                 0x20000078   Data           4  ano_rc.o(.data)
    stick_fun_1                              0x2000007c   Data           1  ano_rc.o(.data)
    stick_fun_2                              0x2000007d   Data           1  ano_rc.o(.data)
    stick_fun_3                              0x2000007e   Data           1  ano_rc.o(.data)
    stick_fun_4                              0x2000007f   Data           1  ano_rc.o(.data)
    stick_fun_5_magcali                      0x20000080   Data           1  ano_rc.o(.data)
    opmv_ct_sta                              0x20000091   Data           3  ano_opmv_ctrl.o(.data)
    of_buf_update_flag                       0x200000c4   Data           1  ano_of_decofusion.o(.data)
    of_rot_d_degs                            0x200000c8   Data           8  ano_of_decofusion.o(.data)
    of_fus_err                               0x200000d0   Data           8  ano_of_decofusion.o(.data)
    of_fus_err_i                             0x200000d8   Data           8  ano_of_decofusion.o(.data)
    height_target                            0x200000f4   Data           4  user_pid_height_1.o(.data)
    exp_                                     0x200000f8   Data           4  user_pid_height_1.o(.data)
    feedback                                 0x200000fc   Data           4  user_pid_height_1.o(.data)
    state                                    0x20000104   Data           1  user_ros_datarecieve_1.o(.data)
    func                                     0x20000105   Data           1  user_ros_datarecieve_1.o(.data)
    len_                                     0x20000106   Data           1  user_ros_datarecieve_1.o(.data)
    len_reg                                  0x20000107   Data           1  user_ros_datarecieve_1.o(.data)
    task_state                               0x20000108   Data           1  user_task_schduler_1.o(.data)
    user_task_time                           0x2000010a   Data           2  user_task_schduler_1.o(.data)
    RC_task_time_2                           0x2000010c   Data           2  user_rc.o(.data)
    RC_task_time_3                           0x2000010e   Data           2  user_rc.o(.data)
    EN_XY                                    0x20000110   Data           1  user_pid_xy.o(.data)
    X_err                                    0x20000114   Data           4  user_pid_xy.o(.data)
    Y_err                                    0x20000118   Data           4  user_pid_xy.o(.data)
    yaw_target                               0x20000124   Data           4  user_pid_yaw.o(.data)
    yaw_exp_                                 0x20000128   Data           4  user_pid_yaw.o(.data)
    yaw_feedback                             0x2000012c   Data           4  user_pid_yaw.o(.data)
    yaw_error                                0x20000130   Data           4  user_pid_yaw.o(.data)
    control_state_yaw                        0x20000134   Data           1  user_pid_yaw.o(.data)
    u3_state                                 0x2000013c   Data           1  user_openmv_datarecieve.o(.data)
    u3_func                                  0x2000013d   Data           1  user_openmv_datarecieve.o(.data)
    u3_len_                                  0x2000013e   Data           1  user_openmv_datarecieve.o(.data)
    u3_len_reg                               0x2000013f   Data           1  user_openmv_datarecieve.o(.data)
    pixel_dx_                                0x20000140   Data           4  user_openmv_cal.o(.data)
    pixle_dy_                                0x20000144   Data           4  user_openmv_cal.o(.data)
    real_dx_                                 0x20000148   Data           4  user_openmv_cal.o(.data)
    real_dy_                                 0x2000014c   Data           4  user_openmv_cal.o(.data)
    control_state_openmv_localization        0x20000150   Data           1  user_openmv_cal.o(.data)
    x_current                                0x20000154   Data           4  user_wayponit_control.o(.data)
    y_current                                0x20000158   Data           4  user_wayponit_control.o(.data)
    x_target                                 0x2000015c   Data           4  user_wayponit_control.o(.data)
    y_target                                 0x20000160   Data           4  user_wayponit_control.o(.data)
    x_error                                  0x20000164   Data           4  user_wayponit_control.o(.data)
    y_error                                  0x20000168   Data           4  user_wayponit_control.o(.data)
    control_state_waypoint                   0x2000016c   Data           1  user_wayponit_control.o(.data)
    flag_arrive_the_waypoint                 0x2000016d   Data           1  user_wayponit_control.o(.data)
    switchs                                  0x2000016e   Data           8  ano_fcdata.o(.data)
    imu_data                                 0x20000184   Data         232  ano_imu.o(.data)
    imu_state                                0x200002a0   Data          24  ano_imu.o(.data)
    ref_height_old                           0x200002d8   Data           4  ano_motioncal.o(.data)
    ref_speed_old                            0x200002dc   Data           4  ano_motioncal.o(.data)
    wcz_ref_height                           0x200002e0   Data           4  ano_motioncal.o(.data)
    wcz_ref_speed                            0x200002e4   Data           4  ano_motioncal.o(.data)
    wcz_ref_acc                              0x200002e8   Data           4  ano_motioncal.o(.data)
    flying_cnt                               0x20000316   Data           2  ano_flightctrl.o(.data)
    landing_cnt                              0x20000318   Data           2  ano_flightctrl.o(.data)
    stop_baro_hpf                            0x2000031c   Data           4  ano_flightctrl.o(.data)
    jsdata                                   0x2000032c   Data           6  ano_flightctrl.o(.data)
    speed_mode_old                           0x20000332   Data           1  ano_flightctrl.o(.data)
    flight_mode_old                          0x20000333   Data           1  ano_flightctrl.o(.data)
    vel_fb_d_lpf                             0x2000034c   Data           8  ano_locctrl.o(.data)
    vel_fb_h                                 0x20000354   Data           8  ano_locctrl.o(.data)
    vel_fb_w                                 0x2000035c   Data           8  ano_locctrl.o(.data)
    vel_fb_fix_w                             0x20000364   Data           8  ano_locctrl.o(.data)
    mag                                      0x20000384   Data           8  ano_magprocess.o(.data)
    motor                                    0x20000398   Data           8  ano_motorctrl.o(.data)
    motor_step                               0x200003a0   Data           8  ano_motorctrl.o(.data)
    IDLING                                   0x200003aa   Data           2  ano_motorctrl.o(.data)
    Plane_Votage                             0x200003ac   Data           4  ano_power.o(.data)
    test_time_cnt                            0x200003b8   Data           2  ano_flightdatacal.o(.data)
    baro_height                              0x200003c4   Data           4  ano_flightdatacal.o(.data)
    baro_h_offset                            0x200003c8   Data           4  ano_flightdatacal.o(.data)
    ref_height_get_1                         0x200003cc   Data           4  ano_flightdatacal.o(.data)
    ref_height_get_2                         0x200003d0   Data           4  ano_flightdatacal.o(.data)
    ref_height_used                          0x200003d4   Data           4  ano_flightdatacal.o(.data)
    baro2tof_offset                          0x200003d8   Data           4  ano_flightdatacal.o(.data)
    tof2baro_offset                          0x200003dc   Data           4  ano_flightdatacal.o(.data)
    baro_fix1                                0x200003e0   Data           4  ano_flightdatacal.o(.data)
    baro_fix2                                0x200003e4   Data           4  ano_flightdatacal.o(.data)
    baro_fix                                 0x200003e8   Data           4  ano_flightdatacal.o(.data)
    wcz_acc_use                              0x200003f0   Data           4  ano_flightdatacal.o(.data)
    ref_tof_height                           0x200003f4   Data           2  ano_flightdatacal.o(.data)
    led_accuracy                             0x200003fc   Data           2  drv_led.o(.data)
    LED_Brightness                           0x20000400   Data          16  drv_led.o(.data)
    AdcValue                                 0x20000424   Data           2  drv_adc.o(.data)
    para_sta                                 0x20000426   Data           4  ano_parameter.o(.data)
    sysTickUptime                            0x2000042c   Data           4  drv_time.o(.data)
    systime_ms                               0x20000430   Data           4  drv_time.o(.data)
    TxCounter                                0x20000434   Data           1  drv_usart.o(.data)
    count                                    0x20000435   Data           1  drv_usart.o(.data)
    Tx3Counter                               0x20000436   Data           1  drv_usart.o(.data)
    count3                                   0x20000437   Data           1  drv_usart.o(.data)
    Tx4Counter                               0x20000438   Data           1  drv_usart.o(.data)
    count4                                   0x20000439   Data           1  drv_usart.o(.data)
    Tx5Counter                               0x2000043a   Data           1  drv_usart.o(.data)
    count5                                   0x2000043b   Data           1  drv_usart.o(.data)
    alt_3                                    0x20000448   Data           4  drv_spl06.o(.data)
    baro_start                               0x2000044c   Data           1  drv_spl06.o(.data)
    OutMaxPacketSize                         0x20000450   Data          16  usbd_stm32f4xx_fs.o(.data)
    InPacketDataPtr                          0x20000460   Data          16  usbd_stm32f4xx_fs.o(.data)
    InPacketDataReady                        0x20000470   Data           4  usbd_stm32f4xx_fs.o(.data)
    SyncWriteEP                              0x20000474   Data           4  usbd_stm32f4xx_fs.o(.data)
    IsoOutTokenRead                          0x20000478   Data           4  usbd_stm32f4xx_fs.o(.data)
    len                                      0x20000480   Data           2  drv_gps.o(.data)
    wcx_acc_use                              0x20000484   Data           4  drv_gps.o(.data)
    wcy_acc_use                              0x20000488   Data           4  drv_gps.o(.data)
    GPS_get_cnt                              0x2000048c   Data           1  drv_gps.o(.data)
    temperature_err                          0x2000049c   Data           4  drv_heating.o(.data)
    temperature_err_i                        0x200004a0   Data           4  drv_heating.o(.data)
    temperature_diff                         0x200004a4   Data           4  drv_heating.o(.data)
    temperature_ctrl_val                     0x200004a8   Data           4  drv_heating.o(.data)
    LASER_LINKOK                             0x200004b0   Data           1  drv_laser.o(.data)
    Laser_height_cm                          0x200004b2   Data           2  drv_laser.o(.data)
    offline_check_time                       0x200004b6   Data           2  drv_openmv.o(.data)
    of_init_cnt                              0x200004ba   Data           1  drv_up_flow.o(.data)
    of_buf_update_cnt                        0x200004bb   Data           1  drv_up_flow.o(.data)
    SystemCoreClock                          0x200004e4   Data           4  system_stm32f4xx.o(.data)
    AHBPrescTable                            0x200004e8   Data          16  system_stm32f4xx.o(.data)
    USBD_DeviceStatus                        0x200004f8   Data           2  usbd_core.o(.data)
    USBD_DeviceAddress                       0x200004fa   Data           1  usbd_core.o(.data)
    USBD_Configuration                       0x200004fb   Data           1  usbd_core.o(.data)
    USBD_EndPointMask                        0x200004fc   Data           4  usbd_core.o(.data)
    USBD_EndPointHalt                        0x20000500   Data           4  usbd_core.o(.data)
    USBD_EndPointStall                       0x20000504   Data           4  usbd_core.o(.data)
    USBD_NumInterfaces                       0x20000508   Data           1  usbd_core.o(.data)
    USBD_HighSpeed                           0x20000509   Data           1  usbd_core.o(.data)
    USBD_ZLP                                 0x2000050a   Data           1  usbd_core.o(.data)
    USBD_EP0Data                             0x2000050c   Data           8  usbd_core.o(.data)
    USBD_SetupPacket                         0x20000514   Data           8  usbd_core.o(.data)
    USBD_HID_Protocol                        0x2000051c   Data           1  usbd_hid.o(.data)
    DataOutAsyncReq                          0x20000520   Data           4  usbd_hid.o(.data)
    DataOutUpdateReqMask                     0x20000524   Data           4  usbd_hid.o(.data)
    ptrDataOut                               0x20000528   Data           4  usbd_hid.o(.data)
    DataOutToSendLen                         0x2000052c   Data           2  usbd_hid.o(.data)
    DataOutSentLen                           0x2000052e   Data           2  usbd_hid.o(.data)
    DataOutEndWithShortPacket                0x20000530   Data           4  usbd_hid.o(.data)
    ptrDataIn                                0x20000534   Data           4  usbd_hid.o(.data)
    DataInReceLen                            0x20000538   Data           2  usbd_hid.o(.data)
    ptrDataFeat                              0x2000053c   Data           4  usbd_hid.o(.data)
    DataFeatReceLen                          0x20000540   Data           2  usbd_hid.o(.data)
    st_imu_cali                              0x20000544   Data           4  ano_imu_calibration.o(.data)
    __microlib_freelist                      0x2000055c   Data           4  mvars.o(.data)
    __microlib_freelist_initialised          0x20000560   Data           4  mvars.o(.data)
    hid_datatemp                             0x20000564   Data        1000  ano_usb.o(.bss)
    hid_data2send                            0x2000094c   Data          64  ano_usb.o(.bss)
    USBD_EP0Buf                              0x20000990   Data          64  usb_config.o(.bss)
    USBD_HID_InReport                        0x200009d0   Data          65  usb_config.o(.bss)
    USBD_HID_OutReport                       0x20000a11   Data          65  usb_config.o(.bss)
    stk_usb_msc_task                         0x20000a58   Data         600  usb_config.o(.bss)
    test_dT_1000hz                           0x20000cb0   Data          12  ano_scheduler.o(.bss)
    test_rT                                  0x20000cbc   Data          24  ano_scheduler.o(.bss)
    dt                                       0x20000cd4   Data         432  ano_dt.o(.bss)
    CycleSendData                            0x20000e84   Data          64  ano_dt.o(.bss)
    OtherSendData                            0x20000ec4   Data         335  ano_dt.o(.bss)
    otherDataTmp                             0x20001013   Data          64  ano_dt.o(.bss)
    CH_N                                     0x2000111c   Data          16  ano_rc.o(.bss)
    ano_of                                   0x2000112c   Data          60  ano_of.o(.bss)
    program_ctrl                             0x200011a8   Data          84  ano_flyctrl.o(.bss)
    uwb_data                                 0x200011fc   Data          60  ano_uwb.o(.bss)
    pc_user                                  0x20001438   Data          32  ano_programctrl_user.o(.bss)
    ano_opmv_cbt_ctrl                        0x20001458   Data          52  ano_opmv_cbtracking_ctrl.o(.bss)
    ano_opmv_lt_ctrl                         0x2000149c   Data          32  ano_opmv_linetracking_ctrl.o(.bss)
    of_data                                  0x200014bc   Data          10  ano_of_decofusion.o(.bss)
    of_rdf                                   0x200014c8   Data          72  ano_of_decofusion.o(.bss)
    ROS_IMU_Data                             0x20001510   Data          36  user_imu_datasend_1.o(.bss)
    height_arg                               0x20001534   Data          24  user_pid_height_1.o(.bss)
    height_val                               0x2000154c   Data          40  user_pid_height_1.o(.bss)
    data_reg                                 0x20001574   Data          56  user_ros_datarecieve_1.o(.bss)
    _str                                     0x200015ac   Data          16  user_ros_datarecieve_1.o(.bss)
    X_arg                                    0x200015bc   Data          24  user_pid_xy.o(.bss)
    Y_arg                                    0x200015d4   Data          24  user_pid_xy.o(.bss)
    X_val                                    0x200015ec   Data          40  user_pid_xy.o(.bss)
    Y_val                                    0x20001614   Data          40  user_pid_xy.o(.bss)
    yaw_arg                                  0x2000163c   Data          24  user_pid_yaw.o(.bss)
    yaw_val                                  0x20001654   Data          40  user_pid_yaw.o(.bss)
    u3_data_reg                              0x2000167c   Data          56  user_openmv_datarecieve.o(.bss)
    flag                                     0x200016b4   Data          28  ano_fcdata.o(.bss)
    fc_stv                                   0x200016d0   Data          16  ano_fcdata.o(.bss)
    sens_hd_check                            0x200016e0   Data           9  ano_fcdata.o(.bss)
    att_matrix                               0x200016ec   Data          36  ano_imu.o(.bss)
    imu_test                                 0x20001734   Data          12  ano_imu.o(.bss)
    wcz_acc_fus                              0x20001740   Data          28  ano_motioncal.o(.bss)
    wcz_spe_fus                              0x2000175c   Data          24  ano_motioncal.o(.bss)
    wcz_hei_fus                              0x20001774   Data          24  ano_motioncal.o(.bss)
    center_pos                               0x2000178c   Data          60  ano_sensor_basic.o(.bss)
    sensor                                   0x200017c8   Data          60  ano_sensor_basic.o(.bss)
    sensor_val                               0x20001804   Data          24  ano_sensor_basic.o(.bss)
    alt_arg_2                                0x20001894   Data          24  ano_altctrl.o(.bss)
    alt_val_2                                0x200018ac   Data          40  ano_altctrl.o(.bss)
    alt_arg_1                                0x200018d4   Data          24  ano_altctrl.o(.bss)
    alt_val_1                                0x200018ec   Data          40  ano_altctrl.o(.bss)
    arg_2                                    0x20001914   Data          72  ano_attctrl.o(.bss)
    arg_1                                    0x2000195c   Data          72  ano_attctrl.o(.bss)
    val_2                                    0x200019a4   Data         120  ano_attctrl.o(.bss)
    val_1                                    0x20001a1c   Data         120  ano_attctrl.o(.bss)
    att_2l_ct                                0x20001a94   Data          36  ano_attctrl.o(.bss)
    att_1l_ct                                0x20001ab8   Data          28  ano_attctrl.o(.bss)
    rolling_flag                             0x20001ae4   Data          24  ano_attctrl.o(.bss)
    fs                                       0x20001afc   Data          52  ano_flightctrl.o(.bss)
    loc_arg_1                                0x20001b30   Data          48  ano_locctrl.o(.bss)
    loc_val_1                                0x20001b60   Data          80  ano_locctrl.o(.bss)
    loc_arg_1_fix                            0x20001bb0   Data          48  ano_locctrl.o(.bss)
    loc_val_1_fix                            0x20001be0   Data          80  ano_locctrl.o(.bss)
    loc_ctrl_1                               0x20001c30   Data          36  ano_locctrl.o(.bss)
    loc_ctrl_2                               0x20001c54   Data          36  ano_locctrl.o(.bss)
    mc                                       0x20001c78   Data          16  ano_motorctrl.o(.bss)
    LED_STA                                  0x20001c88   Data          15  drv_led.o(.bss)
    Ano_Parame                               0x20001c98   Data        4096  ano_parameter.o(.bss)
    TxBuffer                                 0x20002c98   Data         256  drv_usart.o(.bss)
    Rx_Buf                                   0x20002d98   Data         256  drv_usart.o(.bss)
    Tx3Buffer                                0x20002e98   Data         256  drv_usart.o(.bss)
    Tx4Buffer                                0x20002f98   Data         256  drv_usart.o(.bss)
    Tx5Buffer                                0x20003098   Data         256  drv_usart.o(.bss)
    ak09915Buf                               0x20003198   Data           9  drv_ak09915.o(.bss)
    spl_data                                 0x200031d0   Data          20  drv_spl06.o(.bss)
    HID_IntInPacketData                      0x200031f0   Data          64  usbd_stm32f4xx_fs.o(.bss)
    IsoOutPacketDataPtr                      0x20003230   Data          16  usbd_stm32f4xx_fs.o(.bss)
    InPacketDataCnt                          0x20003240   Data          16  usbd_stm32f4xx_fs.o(.bss)
    IsoOutPacketDataCnt                      0x20003250   Data          16  usbd_stm32f4xx_fs.o(.bss)
    Gps_information                          0x20003260   Data         112  drv_gps.o(.bss)
    GPS_data_buff                            0x200032d0   Data         100  drv_gps.o(.bss)
    ext_sens                                 0x20003334   Data          23  drv_gps.o(.bss)
    temperature_fb                           0x2000334c   Data          12  drv_heating.o(.bss)
    openmv_buf                               0x20003358   Data          20  drv_openmv.o(.bss)
    opmv                                     0x2000336c   Data          26  drv_openmv.o(.bss)
    OF_DATA                                  0x20003386   Data          14  drv_up_flow.o(.bss)
    st_bmi_data                              0x200033a2   Data          14  drv_bmi088.o(.bss)
    rc_in                                    0x200033b0   Data          82  drv_bsp.o(.bss)
    st_imuData                               0x20003464   Data         152  ano_imu_data.o(.bss)
    test_st                                  0x200034fc   Data          16  ano_imu_data.o(.bss)
    __heap_base                              0x20003510   Data           0  startup_stm32f4xx.o(HEAP)
    __heap_limit                             0x20003910   Data           0  startup_stm32f4xx.o(HEAP)
    __initial_sp                             0x20004110   Data           0  startup_stm32f4xx.o(STACK)



==============================================================================

Memory Map of the image

  Image Entry point : 0x08000189

  Load Region LR_IROM1 (Base: 0x08000000, Size: 0x0001bf10, Max: 0x00100000, ABSOLUTE, COMPRESSED[0x0001ba20])

    Execution Region ER_IROM1 (Exec base: 0x08000000, Load base: 0x08000000, Size: 0x0001b9ac, Max: 0x00100000, ABSOLUTE)

    Exec Addr    Load Addr    Size         Type   Attr      Idx    E Section Name        Object

    0x08000000   0x08000000   0x00000188   Data   RO         2243    RESET               startup_stm32f4xx.o
    0x08000188   0x08000188   0x00000000   Code   RO         2393  * .ARM.Collect$$$$00000000  mc_w.l(entry.o)
    0x08000188   0x08000188   0x00000004   Code   RO         2444    .ARM.Collect$$$$00000001  mc_w.l(entry2.o)
    0x0800018c   0x0800018c   0x00000004   Code   RO         2447    .ARM.Collect$$$$00000004  mc_w.l(entry5.o)
    0x08000190   0x08000190   0x00000000   Code   RO         2449    .ARM.Collect$$$$00000008  mc_w.l(entry7b.o)
    0x08000190   0x08000190   0x00000000   Code   RO         2451    .ARM.Collect$$$$0000000A  mc_w.l(entry8b.o)
    0x08000190   0x08000190   0x00000008   Code   RO         2452    .ARM.Collect$$$$0000000B  mc_w.l(entry9a.o)
    0x08000198   0x08000198   0x00000004   Code   RO         2459    .ARM.Collect$$$$0000000E  mc_w.l(entry12b.o)
    0x0800019c   0x0800019c   0x00000000   Code   RO         2454    .ARM.Collect$$$$0000000F  mc_w.l(entry10a.o)
    0x0800019c   0x0800019c   0x00000000   Code   RO         2456    .ARM.Collect$$$$00000011  mc_w.l(entry11a.o)
    0x0800019c   0x0800019c   0x00000004   Code   RO         2445    .ARM.Collect$$$$00002712  mc_w.l(entry2.o)
    0x080001a0   0x080001a0   0x0000005e   Code   RO            2    .text               stm32f4xx_it.o
    0x080001fe   0x080001fe   0x00000002   PAD
    0x08000200   0x08000200   0x00000198   Code   RO          149    .text               ano_usb.o
    0x08000398   0x08000398   0x00000052   Code   RO          226    .text               usb_config.o
    0x080003ea   0x080003ea   0x00000002   PAD
    0x080003ec   0x080003ec   0x0000001c   Code   RO          250    .text               main.o
    0x08000408   0x08000408   0x00000224   Code   RO          266    .text               ano_scheduler.o
    0x0800062c   0x0800062c   0x00000174   Code   RO          444    .text               bsp_init.o
    0x080007a0   0x080007a0   0x000011bc   Code   RO          509    .text               ano_dt.o
    0x0800195c   0x0800195c   0x00000554   Code   RO          538    .text               ano_rc.o
    0x08001eb0   0x08001eb0   0x00000354   Code   RO          562    .text               ano_of.o
    0x08002204   0x08002204   0x0000098c   Code   RO          585    .text               ano_flyctrl.o
    0x08002b90   0x08002b90   0x000002dc   Code   RO          612    .text               ano_uwb.o
    0x08002e6c   0x08002e6c   0x000000d0   Code   RO          635    .text               ano_programctrl_user.o
    0x08002f3c   0x08002f3c   0x000000f4   Code   RO          657    .text               ano_opmv_ctrl.o
    0x08003030   0x08003030   0x00000478   Code   RO          683    .text               ano_opmv_cbtracking_ctrl.o
    0x080034a8   0x080034a8   0x00000574   Code   RO          706    .text               ano_opmv_linetracking_ctrl.o
    0x08003a1c   0x08003a1c   0x000005c4   Code   RO          729    .text               ano_of_decofusion.o
    0x08003fe0   0x08003fe0   0x00000110   Code   RO          756    .text               user_imu_datasend_1.o
    0x080040f0   0x080040f0   0x00000190   Code   RO          803    .text               user_pid_height_1.o
    0x08004280   0x08004280   0x0000010c   Code   RO          852    .text               user_ros_datarecieve_1.o
    0x0800438c   0x0800438c   0x000000bc   Code   RO          907    .text               user_task_schduler_1.o
    0x08004448   0x08004448   0x00000088   Code   RO          926    .text               user_rc.o
    0x080044d0   0x080044d0   0x000001a8   Code   RO          949    .text               user_pid_xy.o
    0x08004678   0x08004678   0x00000208   Code   RO          969    .text               user_pid_yaw.o
    0x08004880   0x08004880   0x0000015c   Code   RO          996    .text               user_openmv_datarecieve.o
    0x080049dc   0x080049dc   0x000000d4   Code   RO         1019    .text               user_openmv_cal.o
    0x08004ab0   0x08004ab0   0x000000f4   Code   RO         1041    .text               user_wayponit_control.o
    0x08004ba4   0x08004ba4   0x00000028   Code   RO         1063    .text               ano_fcdata.o
    0x08004bcc   0x08004bcc   0x00000844   Code   RO         1086    .text               ano_filter.o
    0x08005410   0x08005410   0x00000ba0   Code   RO         1113    .text               ano_imu.o
    0x08005fb0   0x08005fb0   0x000008d4   Code   RO         1136    .text               ano_math.o
    0x08006884   0x08006884   0x00000200   Code   RO         1155    .text               ano_motioncal.o
    0x08006a84   0x08006a84   0x00000120   Code   RO         1202    .text               ano_pid.o
    0x08006ba4   0x08006ba4   0x00000214   Code   RO         1221    .text               ano_sensor_basic.o
    0x08006db8   0x08006db8   0x000005dc   Code   RO         1243    .text               ano_altctrl.o
    0x08007394   0x08007394   0x00000a54   Code   RO         1286    .text               ano_attctrl.o
    0x08007de8   0x08007de8   0x000008bc   Code   RO         1313    .text               ano_flightctrl.o
    0x080086a4   0x080086a4   0x00000db8   Code   RO         1350    .text               ano_locctrl.o
    0x0800945c   0x0800945c   0x000004b0   Code   RO         1373    .text               ano_magprocess.o
    0x0800990c   0x0800990c   0x00000210   Code   RO         1399    .text               ano_motorctrl.o
    0x08009b1c   0x08009b1c   0x0000021c   Code   RO         1430    .text               ano_power.o
    0x08009d38   0x08009d38   0x0000040c   Code   RO         1452    .text               ano_flightdatacal.o
    0x0800a144   0x0800a144   0x00000658   Code   RO         1476    .text               drv_led.o
    0x0800a79c   0x0800a79c   0x00000124   Code   RO         1511    .text               drv_adc.o
    0x0800a8c0   0x0800a8c0   0x00001874   Code   RO         1533    .text               ano_parameter.o
    0x0800c134   0x0800c134   0x00000130   Code   RO         1556    .text               drv_spi.o
    0x0800c264   0x0800c264   0x0000031c   Code   RO         1575    .text               drv_pwm_out.o
    0x0800c580   0x0800c580   0x000001b8   Code   RO         1594    .text               drv_time.o
    0x0800c738   0x0800c738   0x000006a4   Code   RO         1624    .text               drv_usart.o
    0x0800cddc   0x0800cddc   0x0000012c   Code   RO         1659    .text               drv_ak8975.o
    0x0800cf08   0x0800cf08   0x000000a8   Code   RO         1680    .text               drv_ak09915.o
    0x0800cfb0   0x0800cfb0   0x00000700   Code   RO         1727    .text               drv_spl06.o
    0x0800d6b0   0x0800d6b0   0x000003c8   Code   RO         1750    .text               drv_w25qxx.o
    0x0800da78   0x0800da78   0x000012b8   Code   RO         1771    .text               usbd_stm32f4xx_fs.o
    0x0800ed30   0x0800ed30   0x00000714   Code   RO         1798    .text               drv_gps.o
    0x0800f444   0x0800f444   0x00000390   Code   RO         1827    .text               drv_heating.o
    0x0800f7d4   0x0800f7d4   0x000001dc   Code   RO         1873    .text               drv_openmv.o
    0x0800f9b0   0x0800f9b0   0x00000224   Code   RO         1896    .text               drv_up_flow.o
    0x0800fbd4   0x0800fbd4   0x000002a0   Code   RO         1924    .text               drv_bmi088.o
    0x0800fe74   0x0800fe74   0x00000460   Code   RO         1951    .text               drv_bsp.o
    0x080102d4   0x080102d4   0x000001e0   Code   RO         1977    .text               drv_rcin.o
    0x080104b4   0x080104b4   0x000001ec   Code   RO         1994    .text               misc.o
    0x080106a0   0x080106a0   0x0000107c   Code   RO         2010    .text               stm32f4xx_adc.o
    0x0801171c   0x0801171c   0x000013cc   Code   RO         2042    .text               stm32f4xx_dma.o
    0x08012ae8   0x08012ae8   0x0000030c   Code   RO         2058    .text               stm32f4xx_exti.o
    0x08012df4   0x08012df4   0x00000916   Code   RO         2090    .text               stm32f4xx_gpio.o
    0x0801370a   0x0801370a   0x00000002   PAD
    0x0801370c   0x0801370c   0x00000d7c   Code   RO         2138    .text               stm32f4xx_rcc.o
    0x08014488   0x08014488   0x00000bc8   Code   RO         2156    .text               stm32f4xx_spi.o
    0x08015050   0x08015050   0x00003294   Code   RO         2188    .text               stm32f4xx_tim.o
    0x080182e4   0x080182e4   0x00000eb4   Code   RO         2204    .text               stm32f4xx_usart.o
    0x08019198   0x08019198   0x00000210   Code   RO         2220    .text               system_stm32f4xx.o
    0x080193a8   0x080193a8   0x00000024   Code   RO         2244    .text               startup_stm32f4xx.o
    0x080193cc   0x080193cc   0x00000a30   Code   RO         2249    .text               usbd_core.o
    0x08019dfc   0x08019dfc   0x000001b0   Code   RO         2290    .text               usbd_core_hid.o
    0x08019fac   0x08019fac   0x00000604   Code   RO         2302    .text               usbd_hid.o
    0x0801a5b0   0x0801a5b0   0x0000039c   Code   RO         2318    .text               ano_imu_calibration.o
    0x0801a94c   0x0801a94c   0x000001e4   Code   RO         2341    .text               ano_imu_data.o
    0x0801ab30   0x0801ab30   0x000000a4   Code   RO         2363    .text               ano_imu_task.o
    0x0801abd4   0x0801abd4   0x00000024   Code   RO         2396    .text               mc_w.l(memcpya.o)
    0x0801abf8   0x0801abf8   0x0000014e   Code   RO         2428    .text               mf_w.l(dadd.o)
    0x0801ad46   0x0801ad46   0x000000e4   Code   RO         2430    .text               mf_w.l(dmul.o)
    0x0801ae2a   0x0801ae2a   0x00000022   Code   RO         2432    .text               mf_w.l(dflti.o)
    0x0801ae4c   0x0801ae4c   0x0000003e   Code   RO         2434    .text               mf_w.l(dfixi.o)
    0x0801ae8a   0x0801ae8a   0x00000026   Code   RO         2436    .text               mf_w.l(f2d.o)
    0x0801aeb0   0x0801aeb0   0x00000030   Code   RO         2438    .text               mf_w.l(cdcmple.o)
    0x0801aee0   0x0801aee0   0x00000030   Code   RO         2440    .text               mf_w.l(cdrcmple.o)
    0x0801af10   0x0801af10   0x00000038   Code   RO         2442    .text               mf_w.l(d2f.o)
    0x0801af48   0x0801af48   0x0000001e   Code   RO         2460    .text               mc_w.l(llshl.o)
    0x0801af66   0x0801af66   0x00000020   Code   RO         2462    .text               mc_w.l(llushr.o)
    0x0801af86   0x0801af86   0x00000024   Code   RO         2464    .text               mc_w.l(llsshr.o)
    0x0801afaa   0x0801afaa   0x00000000   Code   RO         2468    .text               mc_w.l(iusefp.o)
    0x0801afaa   0x0801afaa   0x0000006e   Code   RO         2469    .text               mf_w.l(fepilogue.o)
    0x0801b018   0x0801b018   0x000000ba   Code   RO         2471    .text               mf_w.l(depilogue.o)
    0x0801b0d2   0x0801b0d2   0x00000002   PAD
    0x0801b0d4   0x0801b0d4   0x00000024   Code   RO         2473    .text               mc_w.l(init.o)
    0x0801b0f8   0x0801b0f8   0x00000056   Code   RO         2483    .text               mc_w.l(__dczerorl2.o)
    0x0801b14e   0x0801b14e   0x0000000e   Code   RO         2477    i.__scatterload_copy  mc_w.l(handlers.o)
    0x0801b15c   0x0801b15c   0x00000002   Code   RO         2478    i.__scatterload_null  mc_w.l(handlers.o)
    0x0801b15e   0x0801b15e   0x0000000e   Code   RO         2479    i.__scatterload_zeroinit  mc_w.l(handlers.o)
    0x0801b16c   0x0801b16c   0x00000050   Code   RO         2400    i.free              mc_w.l(malloc.o)
    0x0801b1bc   0x0801b1bc   0x0000006c   Code   RO         2401    i.malloc            mc_w.l(malloc.o)
    0x0801b228   0x0801b228   0x00000174   Data   RO          228    .constdata          usb_config.o
    0x0801b39c   0x0801b39c   0x00000018   Data   RO          511    .constdata          ano_dt.o
    0x0801b3b4   0x0801b3b4   0x00000404   Data   RO         1137    .constdata          ano_math.o
    0x0801b7b8   0x0801b7b8   0x0000008f   Data   RO         1800    .constdata          drv_gps.o
    0x0801b847   0x0801b847   0x00000142   Data   RO         1898    .constdata          drv_up_flow.o
    0x0801b989   0x0801b989   0x00000003   PAD
    0x0801b98c   0x0801b98c   0x00000020   Data   RO         2475    Region$$Table       anon$$obj.o


    Execution Region RW_IRAM1 (Exec base: 0x20000000, Load base: 0x0801b9ac, Size: 0x00004110, Max: 0x00020000, ABSOLUTE, COMPRESSED[0x00000074])

    Exec Addr    Load Addr    Size         Type   Attr      Idx    E Section Name        Object

    0x20000000   COMPRESSED   0x00000007   Data   RW          151    .data               ano_usb.o
    0x20000007   COMPRESSED   0x00000001   PAD
    0x20000008   COMPRESSED   0x00000009   Data   RW          229    .data               usb_config.o
    0x20000011   COMPRESSED   0x00000003   PAD
    0x20000014   COMPRESSED   0x00000054   Data   RW          268    .data               ano_scheduler.o
    0x20000068   COMPRESSED   0x00000002   Data   RW          445    .data               bsp_init.o
    0x2000006a   COMPRESSED   0x00000001   Data   RW          512    .data               ano_dt.o
    0x2000006b   COMPRESSED   0x00000001   PAD
    0x2000006c   COMPRESSED   0x00000015   Data   RW          540    .data               ano_rc.o
    0x20000081   COMPRESSED   0x00000003   Data   RW          564    .data               ano_of.o
    0x20000084   COMPRESSED   0x00000005   Data   RW          587    .data               ano_flyctrl.o
    0x20000089   COMPRESSED   0x00000001   PAD
    0x2000008a   COMPRESSED   0x00000007   Data   RW          614    .data               ano_uwb.o
    0x20000091   COMPRESSED   0x00000003   Data   RW          658    .data               ano_opmv_ctrl.o
    0x20000094   COMPRESSED   0x00000014   Data   RW          685    .data               ano_opmv_cbtracking_ctrl.o
    0x200000a8   COMPRESSED   0x0000001c   Data   RW          708    .data               ano_opmv_linetracking_ctrl.o
    0x200000c4   COMPRESSED   0x00000030   Data   RW          731    .data               ano_of_decofusion.o
    0x200000f4   COMPRESSED   0x00000010   Data   RW          805    .data               user_pid_height_1.o
    0x20000104   COMPRESSED   0x00000004   Data   RW          854    .data               user_ros_datarecieve_1.o
    0x20000108   COMPRESSED   0x00000004   Data   RW          908    .data               user_task_schduler_1.o
    0x2000010c   COMPRESSED   0x00000004   Data   RW          927    .data               user_rc.o
    0x20000110   COMPRESSED   0x00000014   Data   RW          951    .data               user_pid_xy.o
    0x20000124   COMPRESSED   0x00000018   Data   RW          971    .data               user_pid_yaw.o
    0x2000013c   COMPRESSED   0x00000004   Data   RW          998    .data               user_openmv_datarecieve.o
    0x20000140   COMPRESSED   0x00000011   Data   RW         1020    .data               user_openmv_cal.o
    0x20000151   COMPRESSED   0x00000003   PAD
    0x20000154   COMPRESSED   0x0000001a   Data   RW         1042    .data               user_wayponit_control.o
    0x2000016e   COMPRESSED   0x00000008   Data   RW         1065    .data               ano_fcdata.o
    0x20000176   COMPRESSED   0x00000002   PAD
    0x20000178   COMPRESSED   0x0000000c   Data   RW         1087    .data               ano_filter.o
    0x20000184   COMPRESSED   0x00000154   Data   RW         1115    .data               ano_imu.o
    0x200002d8   COMPRESSED   0x00000019   Data   RW         1157    .data               ano_motioncal.o
    0x200002f1   COMPRESSED   0x00000003   PAD
    0x200002f4   COMPRESSED   0x0000000e   Data   RW         1245    .data               ano_altctrl.o
    0x20000302   COMPRESSED   0x00000002   PAD
    0x20000304   COMPRESSED   0x00000010   Data   RW         1288    .data               ano_attctrl.o
    0x20000314   COMPRESSED   0x0000002c   Data   RW         1315    .data               ano_flightctrl.o
    0x20000340   COMPRESSED   0x00000036   Data   RW         1352    .data               ano_locctrl.o
    0x20000376   COMPRESSED   0x00000002   PAD
    0x20000378   COMPRESSED   0x00000020   Data   RW         1374    .data               ano_magprocess.o
    0x20000398   COMPRESSED   0x00000014   Data   RW         1401    .data               ano_motorctrl.o
    0x200003ac   COMPRESSED   0x0000000c   Data   RW         1431    .data               ano_power.o
    0x200003b8   COMPRESSED   0x00000044   Data   RW         1453    .data               ano_flightdatacal.o
    0x200003fc   COMPRESSED   0x00000027   Data   RW         1478    .data               drv_led.o
    0x20000423   COMPRESSED   0x00000001   PAD
    0x20000424   COMPRESSED   0x00000002   Data   RW         1512    .data               drv_adc.o
    0x20000426   COMPRESSED   0x00000004   Data   RW         1535    .data               ano_parameter.o
    0x2000042a   COMPRESSED   0x00000002   PAD
    0x2000042c   COMPRESSED   0x00000008   Data   RW         1595    .data               drv_time.o
    0x20000434   COMPRESSED   0x00000008   Data   RW         1626    .data               drv_usart.o
    0x2000043c   COMPRESSED   0x00000006   Data   RW         1660    .data               drv_ak8975.o
    0x20000442   COMPRESSED   0x00000002   PAD
    0x20000444   COMPRESSED   0x0000000b   Data   RW         1729    .data               drv_spl06.o
    0x2000044f   COMPRESSED   0x00000001   PAD
    0x20000450   COMPRESSED   0x00000030   Data   RW         1773    .data               usbd_stm32f4xx_fs.o
    0x20000480   COMPRESSED   0x00000019   Data   RW         1801    .data               drv_gps.o
    0x20000499   COMPRESSED   0x00000003   PAD
    0x2000049c   COMPRESSED   0x00000013   Data   RW         1829    .data               drv_heating.o
    0x200004af   COMPRESSED   0x00000001   PAD
    0x200004b0   COMPRESSED   0x00000006   Data   RW         1852    .data               drv_laser.o
    0x200004b6   COMPRESSED   0x00000004   Data   RW         1875    .data               drv_openmv.o
    0x200004ba   COMPRESSED   0x00000004   Data   RW         1899    .data               drv_up_flow.o
    0x200004be   COMPRESSED   0x00000002   Data   RW         1926    .data               drv_bmi088.o
    0x200004c0   COMPRESSED   0x0000000e   Data   RW         1953    .data               drv_bsp.o
    0x200004ce   COMPRESSED   0x00000004   Data   RW         1978    .data               drv_rcin.o
    0x200004d2   COMPRESSED   0x00000010   Data   RW         2139    .data               stm32f4xx_rcc.o
    0x200004e2   COMPRESSED   0x00000002   PAD
    0x200004e4   COMPRESSED   0x00000014   Data   RW         2221    .data               system_stm32f4xx.o
    0x200004f8   COMPRESSED   0x00000024   Data   RW         2250    .data               usbd_core.o
    0x2000051c   COMPRESSED   0x00000027   Data   RW         2303    .data               usbd_hid.o
    0x20000543   COMPRESSED   0x00000001   PAD
    0x20000544   COMPRESSED   0x00000018   Data   RW         2320    .data               ano_imu_calibration.o
    0x2000055c   COMPRESSED   0x00000004   Data   RW         2466    .data               mc_w.l(mvars.o)
    0x20000560   COMPRESSED   0x00000004   Data   RW         2467    .data               mc_w.l(mvars.o)
    0x20000564        -       0x00000428   Zero   RW          150    .bss                ano_usb.o
    0x2000098c   COMPRESSED   0x00000004   PAD
    0x20000990        -       0x00000320   Zero   RW          227    .bss                usb_config.o
    0x20000cb0        -       0x00000024   Zero   RW          267    .bss                ano_scheduler.o
    0x20000cd4        -       0x00000448   Zero   RW          510    .bss                ano_dt.o
    0x2000111c        -       0x00000010   Zero   RW          539    .bss                ano_rc.o
    0x2000112c        -       0x0000007c   Zero   RW          563    .bss                ano_of.o
    0x200011a8        -       0x00000054   Zero   RW          586    .bss                ano_flyctrl.o
    0x200011fc        -       0x0000023c   Zero   RW          613    .bss                ano_uwb.o
    0x20001438        -       0x00000020   Zero   RW          636    .bss                ano_programctrl_user.o
    0x20001458        -       0x00000044   Zero   RW          684    .bss                ano_opmv_cbtracking_ctrl.o
    0x2000149c        -       0x00000020   Zero   RW          707    .bss                ano_opmv_linetracking_ctrl.o
    0x200014bc        -       0x00000054   Zero   RW          730    .bss                ano_of_decofusion.o
    0x20001510        -       0x00000024   Zero   RW          757    .bss                user_imu_datasend_1.o
    0x20001534        -       0x00000040   Zero   RW          804    .bss                user_pid_height_1.o
    0x20001574        -       0x00000048   Zero   RW          853    .bss                user_ros_datarecieve_1.o
    0x200015bc        -       0x00000080   Zero   RW          950    .bss                user_pid_xy.o
    0x2000163c        -       0x00000040   Zero   RW          970    .bss                user_pid_yaw.o
    0x2000167c        -       0x00000038   Zero   RW          997    .bss                user_openmv_datarecieve.o
    0x200016b4        -       0x00000035   Zero   RW         1064    .bss                ano_fcdata.o
    0x200016e9   COMPRESSED   0x00000003   PAD
    0x200016ec        -       0x00000054   Zero   RW         1114    .bss                ano_imu.o
    0x20001740        -       0x0000004c   Zero   RW         1156    .bss                ano_motioncal.o
    0x2000178c        -       0x00000108   Zero   RW         1222    .bss                ano_sensor_basic.o
    0x20001894        -       0x00000080   Zero   RW         1244    .bss                ano_altctrl.o
    0x20001914        -       0x000001e8   Zero   RW         1287    .bss                ano_attctrl.o
    0x20001afc        -       0x00000034   Zero   RW         1314    .bss                ano_flightctrl.o
    0x20001b30        -       0x00000148   Zero   RW         1351    .bss                ano_locctrl.o
    0x20001c78        -       0x00000010   Zero   RW         1400    .bss                ano_motorctrl.o
    0x20001c88        -       0x0000000f   Zero   RW         1477    .bss                drv_led.o
    0x20001c97   COMPRESSED   0x00000001   PAD
    0x20001c98        -       0x00001000   Zero   RW         1534    .bss                ano_parameter.o
    0x20002c98        -       0x00000500   Zero   RW         1625    .bss                drv_usart.o
    0x20003198        -       0x00000009   Zero   RW         1681    .bss                drv_ak09915.o
    0x200031a1   COMPRESSED   0x00000003   PAD
    0x200031a4        -       0x00000040   Zero   RW         1728    .bss                drv_spl06.o
    0x200031e4        -       0x0000000c   Zero   RW         1751    .bss                drv_w25qxx.o
    0x200031f0        -       0x00000070   Zero   RW         1772    .bss                usbd_stm32f4xx_fs.o
    0x20003260        -       0x000000eb   Zero   RW         1799    .bss                drv_gps.o
    0x2000334b   COMPRESSED   0x00000001   PAD
    0x2000334c        -       0x0000000c   Zero   RW         1828    .bss                drv_heating.o
    0x20003358        -       0x0000002e   Zero   RW         1874    .bss                drv_openmv.o
    0x20003386        -       0x0000001c   Zero   RW         1897    .bss                drv_up_flow.o
    0x200033a2        -       0x0000000e   Zero   RW         1925    .bss                drv_bmi088.o
    0x200033b0        -       0x0000006b   Zero   RW         1952    .bss                drv_bsp.o
    0x2000341b   COMPRESSED   0x00000001   PAD
    0x2000341c        -       0x00000048   Zero   RW         2319    .bss                ano_imu_calibration.o
    0x20003464        -       0x000000a8   Zero   RW         2342    .bss                ano_imu_data.o
    0x2000350c   COMPRESSED   0x00000004   PAD
    0x20003510        -       0x00000400   Zero   RW         2242    HEAP                startup_stm32f4xx.o
    0x20003910        -       0x00000800   Zero   RW         2241    STACK               startup_stm32f4xx.o


==============================================================================

Image component sizes


      Code (inc. data)   RO Data    RW Data    ZI Data      Debug   Object Name

      1500        144          0         14        128       2404   ano_altctrl.o
      2644        172          0         16        488       4845   ano_attctrl.o
      4540        158         24          1       1096      11190   ano_dt.o
        40         10          0          8         53       3167   ano_fcdata.o
      2116         26          0         12          0       7767   ano_filter.o
      2236        242          0         44         52       6109   ano_flightctrl.o
      1036        156          0         68          0       3523   ano_flightdatacal.o
      2444        382          0          5         84       3482   ano_flyctrl.o
      2976        182          0        340         84       5975   ano_imu.o
       924         64          0         24         72       3719   ano_imu_calibration.o
       484         20          0          0        168       3396   ano_imu_data.o
       164         30          0          0          0        735   ano_imu_task.o
      3512        288          0         54        328       3990   ano_locctrl.o
      1200         92          0         32          0       3555   ano_magprocess.o
      2260        146       1028          0          0       8424   ano_math.o
       512         60          0         25         76       1807   ano_motioncal.o
       528         32          0         20         16       2339   ano_motorctrl.o
       852         40          0          3        124       3262   ano_of.o
      1476        124          0         48         84       4807   ano_of_decofusion.o
      1144         82          0         20         68       3922   ano_opmv_cbtracking_ctrl.o
       244         34          0          3          0       1411   ano_opmv_ctrl.o
      1396        116          0         28         32       4156   ano_opmv_linetracking_ctrl.o
      6260        336          0          4       4096       9215   ano_parameter.o
       288          4          0          0          0       2004   ano_pid.o
       540         62          0         12          0       1086   ano_power.o
       208         26          0          0         32       2099   ano_programctrl_user.o
      1364        166          0         21         16       4860   ano_rc.o
       548         32          0         84         36       3997   ano_scheduler.o
       532         46          0          0        264       3450   ano_sensor_basic.o
       408         24          0          7       1064      15454   ano_usb.o
       732         48          0          7        572       3040   ano_uwb.o
       372         44          0          2          0       1570   bsp_init.o
       292         18          0          2          0       1549   drv_adc.o
       168         10          0          0          9       2137   drv_ak09915.o
       300         10          0          6          0       2220   drv_ak8975.o
       672         28          0          2         14       4065   drv_bmi088.o
      1120         54          0         14        107       3453   drv_bsp.o
      1812        102        143         25        235       5783   drv_gps.o
       912        174          0         19         12       2481   drv_heating.o
         0          0          0          6          0       1265   drv_laser.o
      1624         74          0         39         15       4947   drv_led.o
       476         22          0          4         46       2984   drv_openmv.o
       796         38          0          0          0       1926   drv_pwm_out.o
       480         20          0          4          0       1452   drv_rcin.o
       304         10          0          0          0       1819   drv_spi.o
      1792         58          0         11         64       5897   drv_spl06.o
       440         18          0          8          0      22146   drv_time.o
       548         28        322          4         28       2231   drv_up_flow.o
      1700         96          0          8       1280       5410   drv_usart.o
       968         14          0          0         12       5481   drv_w25qxx.o
        28          4          0          0          0       1129   main.o
       492         74          0          0          0       2261   misc.o
        36          8        392          0       3072        940   startup_stm32f4xx.o
      4220        148          0          0          0      13570   stm32f4xx_adc.o
      5068        352          0          0          0       9189   stm32f4xx_dma.o
       780         70          0          0          0       2939   stm32f4xx_exti.o
      2326        132          0          0          0       5637   stm32f4xx_gpio.o
        94          0          0          0          0     307234   stm32f4xx_it.o
      3452        262          0         16          0      13799   stm32f4xx_rcc.o
      3016        118          0          0          0       8769   stm32f4xx_spi.o
     12948        670          0          0          0      31436   stm32f4xx_tim.o
      3764        164          0          0          0      10316   stm32f4xx_usart.o
       528         46          0         20          0       2195   system_stm32f4xx.o
        82          0        372          9        800      15834   usb_config.o
      2608        202          0         36          0       8216   usbd_core.o
       432         68          0          0          0       1868   usbd_core_hid.o
      1540        184          0         39          0       6187   usbd_hid.o
      4792        220          0         48        112      27585   usbd_stm32f4xx_fs.o
       272         12          0          0         36       3963   user_imu_datasend_1.o
       212         34          0         17          0       1550   user_openmv_cal.o
       348         28          0          4         56       2385   user_openmv_datarecieve.o
       400         70          0         16         64       1622   user_pid_height_1.o
       424         54          0         20        128       1586   user_pid_xy.o
       520         64          0         24         64       2294   user_pid_yaw.o
       136         14          0          4          0        946   user_rc.o
       268         30          0          4         72       1906   user_ros_datarecieve_1.o
       188         22          0          4          0       1430   user_task_schduler_1.o
       244         46          0         26          0       1923   user_wayponit_control.o

    ----------------------------------------------------------------------
    109108       7258       2316       1372      15276     706715   Object Totals
         0          0         32          0          0          0   (incl. Generated)
         6          0          3         31         17          0   (incl. Padding)

    ----------------------------------------------------------------------

      Code (inc. data)   RO Data    RW Data    ZI Data      Debug   Library Member Name

        86          0          0          0          0          0   __dczerorl2.o
         0          0          0          0          0          0   entry.o
         0          0          0          0          0          0   entry10a.o
         0          0          0          0          0          0   entry11a.o
         4          0          0          0          0          0   entry12b.o
         8          4          0          0          0          0   entry2.o
         4          0          0          0          0          0   entry5.o
         0          0          0          0          0          0   entry7b.o
         0          0          0          0          0          0   entry8b.o
         8          4          0          0          0          0   entry9a.o
        30          0          0          0          0          0   handlers.o
        36          8          0          0          0         68   init.o
         0          0          0          0          0          0   iusefp.o
        30          0          0          0          0         68   llshl.o
        36          0          0          0          0         68   llsshr.o
        32          0          0          0          0         68   llushr.o
       188         20          0          0          0        160   malloc.o
        36          0          0          0          0         68   memcpya.o
         0          0          0          8          0          0   mvars.o
        48          0          0          0          0         68   cdcmple.o
        48          0          0          0          0         68   cdrcmple.o
        56          0          0          0          0         88   d2f.o
       334          0          0          0          0        148   dadd.o
       186          0          0          0          0        176   depilogue.o
        62          0          0          0          0         80   dfixi.o
        34          0          0          0          0         76   dflti.o
       228          0          0          0          0         96   dmul.o
        38          0          0          0          0         68   f2d.o
       110          0          0          0          0        168   fepilogue.o

    ----------------------------------------------------------------------
      1644         36          0          8          0       1536   Library Totals
         2          0          0          0          0          0   (incl. Padding)

    ----------------------------------------------------------------------

      Code (inc. data)   RO Data    RW Data    ZI Data      Debug   Library Name

       498         36          0          8          0        500   mc_w.l
      1144          0          0          0          0       1036   mf_w.l

    ----------------------------------------------------------------------
      1644         36          0          8          0       1536   Library Totals

    ----------------------------------------------------------------------

==============================================================================


      Code (inc. data)   RO Data    RW Data    ZI Data      Debug   

    110752       7294       2316       1380      15276     693007   Grand Totals
    110752       7294       2316        116      15276     693007   ELF Image Totals (compressed)
    110752       7294       2316        116          0          0   ROM Totals

==============================================================================

    Total RO  Size (Code + RO Data)               113068 ( 110.42kB)
    Total RW  Size (RW Data + ZI Data)             16656 (  16.27kB)
    Total ROM Size (Code + RO Data + RW Data)     113184 ( 110.53kB)

==============================================================================

