Component: ARM Compiler 5.06 update 7 (build 960) Tool: armlink [4d3601]

==============================================================================

Section Cross References

    stm32f4xx_it.o(.text) refers to stm32f4xx_exti.o(.text) for EXTI_GetITStatus
    stm32f4xx_it.o(.text) refers to drv_rcin.o(.text) for PPM_IRQH
    stm32f4xx_it.o(.text) refers to drv_usart.o(.text) for Usart2_IRQ
    ano_usb.o(.text) refers to usbd_core.o(.text) for usbd_init
    ano_usb.o(.text) refers to usbd_hid.o(.text) for usbd_hid_get_report_trigger
    ano_usb.o(.text) refers to ano_dt.o(.text) for AnoDTRxOneByteUsb
    ano_usb.o(.text) refers to ano_usb.o(.data) for hid_datatemp_end
    ano_usb.o(.text) refers to ano_usb.o(.bss) for hid_datatemp
    usb_config.o(.text) refers to usbd_hid.o(.text) for USBD_HID_Configure_Event
    usb_config.o(.constdata) refers to usb_config.o(.text) for USBD_SOF_Event
    usb_config.o(.constdata) refers to usbd_core.o(.text) for USBD_EndPoint0
    usb_config.o(.constdata) refers to usbd_hid.o(.text) for USBD_HID_EP_INT_Event
    main.o(.text) refers to bsp_init.o(.text) for All_Init
    main.o(.text) refers to ano_scheduler.o(.text) for Scheduler_Setup
    main.o(.text) refers to ano_fcdata.o(.bss) for flag
    ano_scheduler.o(.text) refers to drv_time.o(.text) for GetSysTime_us
    ano_scheduler.o(.text) refers to ano_flightdatacal.o(.text) for Fc_Sensor_Get
    ano_scheduler.o(.text) refers to ano_sensor_basic.o(.text) for Sensor_Data_Prepare
    ano_scheduler.o(.text) refers to drv_gps.o(.text) for WCXY_Acc_Get_Task
    ano_scheduler.o(.text) refers to ano_flightctrl.o(.text) for Flight_State_Task
    ano_scheduler.o(.text) refers to ano_of_decofusion.o(.text) for ANO_OF_Data_Prepare_Task
    ano_scheduler.o(.text) refers to ano_dt.o(.text) for ANO_DT_Task1Ms
    ano_scheduler.o(.text) refers to ano_attctrl.o(.text) for Att_1level_Ctrl
    ano_scheduler.o(.text) refers to ano_motorctrl.o(.text) for Motor_Ctrl_Task
    ano_scheduler.o(.text) refers to ano_uwb.o(.text) for Ano_UWB_Get_Data_Task
    ano_scheduler.o(.text) refers to ano_imu.o(.text) for calculate_RPY
    ano_scheduler.o(.text) refers to drv_bsp.o(.text) for DrvRcInputTask
    ano_scheduler.o(.text) refers to ano_rc.o(.text) for RC_duty_task
    ano_scheduler.o(.text) refers to ano_altctrl.o(.text) for Alt_1level_Ctrl
    ano_scheduler.o(.text) refers to ano_of.o(.text) for AnoOF_Check_State
    ano_scheduler.o(.text) refers to drv_led.o(.text) for LED_Task2
    ano_scheduler.o(.text) refers to user_rc.o(.text) for RC_task
    ano_scheduler.o(.text) refers to user_pid_height.o(.text) for User_PID_Height_Ctrl
    ano_scheduler.o(.text) refers to user_pid_yaw.o(.text) for User_PID_yaw_Ctrl
    ano_scheduler.o(.text) refers to user_pid_xy.o(.text) for User_PID_XY_Ctrl
    ano_scheduler.o(.text) refers to ano_imu_task.o(.text) for ImuServices_20ms_c
    ano_scheduler.o(.text) refers to ano_flyctrl.o(.text) for FlyCtrl_Task
    ano_scheduler.o(.text) refers to ano_locctrl.o(.text) for Loc_1level_Ctrl
    ano_scheduler.o(.text) refers to ano_power.o(.text) for Power_UpdateTask
    ano_scheduler.o(.text) refers to drv_heating.o(.text) for Thermostatic_Ctrl_Task
    ano_scheduler.o(.text) refers to ano_parameter.o(.text) for Ano_Parame_Write_task
    ano_scheduler.o(.text) refers to user_car_data.o(.text) for User_Car_DataSend
    ano_scheduler.o(.text) refers to ano_scheduler.o(.bss) for test_dT_1000hz
    ano_scheduler.o(.text) refers to ano_rc.o(.bss) for CH_N
    ano_scheduler.o(.text) refers to user_wayponit_control.o(.data) for x_current
    ano_scheduler.o(.text) refers to ano_scheduler.o(.data) for sched_tasks
    ano_scheduler.o(.data) refers to ano_scheduler.o(.text) for Loop_1000Hz
    bsp_init.o(.text) refers to drv_ak09915.o(.text) for DrvAK09915Check
    bsp_init.o(.text) refers to drv_ak8975.o(.text) for DrvAK8975Check
    bsp_init.o(.text) refers to misc.o(.text) for NVIC_PriorityGroupConfig
    bsp_init.o(.text) refers to drv_time.o(.text) for SysTick_Configuration
    bsp_init.o(.text) refers to drv_led.o(.text) for Drv_LED_Init
    bsp_init.o(.text) refers to drv_w25qxx.o(.text) for Flash_Init
    bsp_init.o(.text) refers to ano_fcdata.o(.text) for Para_Data_Init
    bsp_init.o(.text) refers to drv_bsp.o(.text) for DrvRcInputInit
    bsp_init.o(.text) refers to drv_pwm_out.o(.text) for PWM_Out_Init
    bsp_init.o(.text) refers to drv_spi.o(.text) for Drv_SPI2_init
    bsp_init.o(.text) refers to drv_spl06.o(.text) for Drv_SPL06CSPin_Init
    bsp_init.o(.text) refers to drv_bmi088.o(.text) for DrvGpioSenser088CsPinInit
    bsp_init.o(.text) refers to ano_usb.o(.text) for Usb_Hid_Init
    bsp_init.o(.text) refers to drv_usart.o(.text) for Usart2_Init
    bsp_init.o(.text) refers to drv_adc.o(.text) for Drv_AdcInit
    bsp_init.o(.text) refers to ano_flightctrl.o(.text) for All_PID_Init
    bsp_init.o(.text) refers to drv_heating.o(.text) for Drv_HeatingInit
[...]
    RCC_PCLK1Config                          0x08012ee3   Thumb Code    60  stm32f4xx_rcc.o(.text)
    RCC_PCLK2Config                          0x08012f1f   Thumb Code    62  stm32f4xx_rcc.o(.text)
    RCC_GetClocksFreq                        0x08012f5d   Thumb Code   214  stm32f4xx_rcc.o(.text)
    RCC_RTCCLKConfig                         0x08013033   Thumb Code   262  stm32f4xx_rcc.o(.text)
    RCC_RTCCLKCmd                            0x08013139   Thumb Code    30  stm32f4xx_rcc.o(.text)
    RCC_BackupResetCmd                       0x08013157   Thumb Code    32  stm32f4xx_rcc.o(.text)
    RCC_I2SCLKConfig                         0x08013177   Thumb Code    30  stm32f4xx_rcc.o(.text)
    RCC_AHB1PeriphClockCmd                   0x08013195   Thumb Code    82  stm32f4xx_rcc.o(.text)
    RCC_AHB2PeriphClockCmd                   0x080131e7   Thumb Code    82  stm32f4xx_rcc.o(.text)
    RCC_AHB3PeriphClockCmd                   0x08013239   Thumb Code   232  stm32f4xx_rcc.o(.text)
    RCC_APB1PeriphClockCmd                   0x08013321   Thumb Code    82  stm32f4xx_rcc.o(.text)
    RCC_APB2PeriphClockCmd                   0x08013373   Thumb Code    82  stm32f4xx_rcc.o(.text)
    RCC_AHB1PeriphResetCmd                   0x080133c5   Thumb Code    82  stm32f4xx_rcc.o(.text)
    RCC_AHB2PeriphResetCmd                   0x08013417   Thumb Code    82  stm32f4xx_rcc.o(.text)
    RCC_AHB3PeriphResetCmd                   0x08013469   Thumb Code    82  stm32f4xx_rcc.o(.text)
    RCC_APB1PeriphResetCmd                   0x080134bb   Thumb Code    82  stm32f4xx_rcc.o(.text)
    RCC_APB2PeriphResetCmd                   0x0801350d   Thumb Code    82  stm32f4xx_rcc.o(.text)
    RCC_AHB1PeriphClockLPModeCmd             0x0801355f   Thumb Code    82  stm32f4xx_rcc.o(.text)
    RCC_AHB2PeriphClockLPModeCmd             0x080135b1   Thumb Code    82  stm32f4xx_rcc.o(.text)
    RCC_AHB3PeriphClockLPModeCmd             0x08013603   Thumb Code    82  stm32f4xx_rcc.o(.text)
    RCC_APB1PeriphClockLPModeCmd             0x08013655   Thumb Code    82  stm32f4xx_rcc.o(.text)
    RCC_APB2PeriphClockLPModeCmd             0x080136a7   Thumb Code   106  stm32f4xx_rcc.o(.text)
    RCC_ITConfig                             0x08013711   Thumb Code    74  stm32f4xx_rcc.o(.text)
    RCC_ClearFlag                            0x0801375b   Thumb Code    18  stm32f4xx_rcc.o(.text)
    RCC_GetITStatus                          0x0801376d   Thumb Code    68  stm32f4xx_rcc.o(.text)
    RCC_ClearITPendingBit                    0x080137b1   Thumb Code    34  stm32f4xx_rcc.o(.text)
    SPI_I2S_DeInit                           0x080137d9   Thumb Code   104  stm32f4xx_spi.o(.text)
    SPI_Init                                 0x08013841   Thumb Code   348  stm32f4xx_spi.o(.text)
    I2S_Init                                 0x0801399d   Thumb Code   508  stm32f4xx_spi.o(.text)
    SPI_StructInit                           0x08013b99   Thumb Code    24  stm32f4xx_spi.o(.text)
    I2S_StructInit                           0x08013bb1   Thumb Code   104  stm32f4xx_spi.o(.text)
    SPI_Cmd                                  0x08013c19   Thumb Code    82  stm32f4xx_spi.o(.text)
    I2S_Cmd                                  0x08013c6b   Thumb Code    88  stm32f4xx_spi.o(.text)
    SPI_DataSizeConfig                       0x08013cc3   Thumb Code    78  stm32f4xx_spi.o(.text)
    SPI_BiDirectionalLineConfig              0x08013d11   Thumb Code    94  stm32f4xx_spi.o(.text)
    SPI_NSSInternalSoftwareConfig            0x08013d6f   Thumb Code    96  stm32f4xx_spi.o(.text)
    SPI_SSOutputCmd                          0x08013dcf   Thumb Code    82  stm32f4xx_spi.o(.text)
    SPI_TIModeCmd                            0x08013e21   Thumb Code    82  stm32f4xx_spi.o(.text)
    I2S_FullDuplexConfig                     0x08013e73   Thumb Code   258  stm32f4xx_spi.o(.text)
    SPI_I2S_ReceiveData                      0x08013f75   Thumb Code    52  stm32f4xx_spi.o(.text)
    SPI_I2S_SendData                         0x08013fa9   Thumb Code    54  stm32f4xx_spi.o(.text)
    SPI_CalculateCRC                         0x08013fdf   Thumb Code    98  stm32f4xx_spi.o(.text)
    SPI_TransmitCRC                          0x08014041   Thumb Code    46  stm32f4xx_spi.o(.text)
    SPI_GetCRC                               0x0801406f   Thumb Code    74  stm32f4xx_spi.o(.text)
    SPI_GetCRCPolynomial                     0x080140b9   Thumb Code    40  stm32f4xx_spi.o(.text)
    SPI_I2S_DMACmd                           0x080140e1   Thumb Code   114  stm32f4xx_spi.o(.text)
    SPI_I2S_ITConfig                         0x08014153   Thumb Code   138  stm32f4xx_spi.o(.text)
    SPI_I2S_GetFlagStatus                    0x080141dd   Thumb Code   120  stm32f4xx_spi.o(.text)
    SPI_I2S_ClearFlag                        0x08014255   Thumb Code    74  stm32f4xx_spi.o(.text)
    SPI_I2S_GetITStatus                      0x0801429f   Thumb Code   154  stm32f4xx_spi.o(.text)
    SPI_I2S_ClearITPendingBit                0x08014339   Thumb Code    86  stm32f4xx_spi.o(.text)
    TIM_DeInit                               0x080143a1   Thumb Code   440  stm32f4xx_tim.o(.text)
    TIM_TimeBaseInit                         0x08014559   Thumb Code   278  stm32f4xx_tim.o(.text)
    TIM_TimeBaseStructInit                   0x0801466f   Thumb Code    18  stm32f4xx_tim.o(.text)
    TIM_PrescalerConfig                      0x08014681   Thumb Code   128  stm32f4xx_tim.o(.text)
    TIM_CounterModeConfig                    0x08014701   Thumb Code   100  stm32f4xx_tim.o(.text)
    TIM_SetCounter                           0x08014765   Thumb Code   222  stm32f4xx_tim.o(.text)
    TIM_SetAutoreload                        0x08014843   Thumb Code   108  stm32f4xx_tim.o(.text)
    TIM_GetCounter                           0x080148af   Thumb Code   106  stm32f4xx_tim.o(.text)
    TIM_GetPrescaler                         0x08014919   Thumb Code   106  stm32f4xx_tim.o(.text)
    TIM_UpdateDisableConfig                  0x08014983   Thumb Code   148  stm32f4xx_tim.o(.text)
    TIM_UpdateRequestConfig                  0x08014a17   Thumb Code   148  stm32f4xx_tim.o(.text)
    TIM_ARRPreloadConfig                     0x08014aab   Thumb Code   148  stm32f4xx_tim.o(.text)
    TIM_SelectOnePulseMode                   0x08014b3f   Thumb Code   142  stm32f4xx_tim.o(.text)
    TIM_SetClockDivision                     0x08014bcd   Thumb Code   192  stm32f4xx_tim.o(.text)
    TIM_Cmd                                  0x08014c8d   Thumb Code   148  stm32f4xx_tim.o(.text)
    TIM_OC1Init                              0x08014d21   Thumb Code   416  stm32f4xx_tim.o(.text)
    TIM_OC2Init                              0x08014ec1   Thumb Code   486  stm32f4xx_tim.o(.text)
    TIM_OC3Init                              0x080150a7   Thumb Code   416  stm32f4xx_tim.o(.text)
    TIM_OC4Init                              0x08015247   Thumb Code   300  stm32f4xx_tim.o(.text)
    TIM_OCStructInit                         0x08015373   Thumb Code    20  stm32f4xx_tim.o(.text)
    TIM_SelectOCxM                           0x08015387   Thumb Code   256  stm32f4xx_tim.o(.text)
    TIM_SetCompare1                          0x08015487   Thumb Code   142  stm32f4xx_tim.o(.text)
    TIM_SetCompare2                          0x08015515   Thumb Code    72  stm32f4xx_tim.o(.text)
    TIM_SetCompare3                          0x0801555d   Thumb Code    60  stm32f4xx_tim.o(.text)
    TIM_SetCompare4                          0x08015599   Thumb Code    60  stm32f4xx_tim.o(.text)
    TIM_ForcedOC1Config                      0x080155d5   Thumb Code   130  stm32f4xx_tim.o(.text)
    TIM_ForcedOC2Config                      0x08015657   Thumb Code   114  stm32f4xx_tim.o(.text)
    TIM_ForcedOC3Config                      0x080156c9   Thumb Code    94  stm32f4xx_tim.o(.text)
    TIM_ForcedOC4Config                      0x08015727   Thumb Code   102  stm32f4xx_tim.o(.text)
    TIM_OC1PreloadConfig                     0x0801578d   Thumb Code   124  stm32f4xx_tim.o(.text)
    TIM_OC2PreloadConfig                     0x08015809   Thumb Code   108  stm32f4xx_tim.o(.text)
    TIM_OC3PreloadConfig                     0x08015875   Thumb Code   136  stm32f4xx_tim.o(.text)
    TIM_OC4PreloadConfig                     0x080158fd   Thumb Code    96  stm32f4xx_tim.o(.text)
    TIM_OC1FastConfig                        0x0801595d   Thumb Code   124  stm32f4xx_tim.o(.text)
    TIM_OC2FastConfig                        0x080159d9   Thumb Code   108  stm32f4xx_tim.o(.text)
    TIM_OC3FastConfig                        0x08015a45   Thumb Code    88  stm32f4xx_tim.o(.text)
    TIM_OC4FastConfig                        0x08015a9d   Thumb Code    96  stm32f4xx_tim.o(.text)
    TIM_ClearOC1Ref                          0x08015afd   Thumb Code   124  stm32f4xx_tim.o(.text)
    TIM_ClearOC2Ref                          0x08015b79   Thumb Code   106  stm32f4xx_tim.o(.text)
    TIM_ClearOC3Ref                          0x08015be3   Thumb Code    88  stm32f4xx_tim.o(.text)
    TIM_ClearOC4Ref                          0x08015c3b   Thumb Code    94  stm32f4xx_tim.o(.text)
    TIM_OC1PolarityConfig                    0x08015c99   Thumb Code   174  stm32f4xx_tim.o(.text)
    TIM_OC1NPolarityConfig                   0x08015d47   Thumb Code    64  stm32f4xx_tim.o(.text)
    TIM_OC2PolarityConfig                    0x08015d87   Thumb Code   108  stm32f4xx_tim.o(.text)
    TIM_OC2NPolarityConfig                   0x08015df3   Thumb Code    72  stm32f4xx_tim.o(.text)
    TIM_OC3PolarityConfig                    0x08015e3b   Thumb Code    96  stm32f4xx_tim.o(.text)
    TIM_OC3NPolarityConfig                   0x08015e9b   Thumb Code    72  stm32f4xx_tim.o(.text)
    TIM_OC4PolarityConfig                    0x08015ee3   Thumb Code    96  stm32f4xx_tim.o(.text)
    TIM_CCxCmd                               0x08015f43   Thumb Code   168  stm32f4xx_tim.o(.text)
    TIM_CCxNCmd                              0x08015feb   Thumb Code   104  stm32f4xx_tim.o(.text)
    TIM_SetIC4Prescaler                      0x08016053   Thumb Code   106  stm32f4xx_tim.o(.text)
    TIM_SetIC3Prescaler                      0x0801613d   Thumb Code    98  stm32f4xx_tim.o(.text)
    TIM_SetIC2Prescaler                      0x080161e7   Thumb Code   118  stm32f4xx_tim.o(.text)
    TIM_SetIC1Prescaler                      0x080162ad   Thumb Code   134  stm32f4xx_tim.o(.text)
    TIM_ICInit                               0x0801636d   Thumb Code   508  stm32f4xx_tim.o(.text)
    TIM_ICStructInit                         0x08016569   Thumb Code    18  stm32f4xx_tim.o(.text)
    TIM_PWMIConfig                           0x0801657b   Thumb Code   184  stm32f4xx_tim.o(.text)
    TIM_GetCapture1                          0x08016633   Thumb Code    92  stm32f4xx_tim.o(.text)
    TIM_GetCapture2                          0x0801668f   Thumb Code    68  stm32f4xx_tim.o(.text)
    TIM_GetCapture3                          0x080166d3   Thumb Code    56  stm32f4xx_tim.o(.text)
    TIM_GetCapture4                          0x0801670b   Thumb Code    56  stm32f4xx_tim.o(.text)
    TIM_BDTRConfig                           0x08016743   Thumb Code   222  stm32f4xx_tim.o(.text)
    TIM_BDTRStructInit                       0x08016821   Thumb Code    18  stm32f4xx_tim.o(.text)
    TIM_CtrlPWMOutputs                       0x08016833   Thumb Code    78  stm32f4xx_tim.o(.text)
    TIM_SelectCOM                            0x08016881   Thumb Code    72  stm32f4xx_tim.o(.text)
    TIM_CCPreloadControl                     0x080168c9   Thumb Code    72  stm32f4xx_tim.o(.text)
    TIM_ITConfig                             0x08016911   Thumb Code   218  stm32f4xx_tim.o(.text)
    TIM_GenerateEvent                        0x080169eb   Thumb Code   126  stm32f4xx_tim.o(.text)
    TIM_GetFlagStatus                        0x08016a69   Thumb Code   188  stm32f4xx_tim.o(.text)
    TIM_ClearFlag                            0x08016b25   Thumb Code   108  stm32f4xx_tim.o(.text)
    TIM_GetITStatus                          0x08016b91   Thumb Code   186  stm32f4xx_tim.o(.text)
    TIM_ClearITPendingBit                    0x08016c4b   Thumb Code   108  stm32f4xx_tim.o(.text)
    TIM_DMAConfig                            0x08016cb7   Thumb Code   334  stm32f4xx_tim.o(.text)
    TIM_DMACmd                               0x08016e05   Thumb Code   126  stm32f4xx_tim.o(.text)
    TIM_SelectCCDMA                          0x08016e83   Thumb Code    96  stm32f4xx_tim.o(.text)
    TIM_InternalClockConfig                  0x08016ee3   Thumb Code    76  stm32f4xx_tim.o(.text)
    TIM_SelectInputTrigger                   0x08016f2f   Thumb Code   148  stm32f4xx_tim.o(.text)
    TIM_ITRxExternalClockConfig              0x08016fc3   Thumb Code   110  stm32f4xx_tim.o(.text)
    TIM_TIxExternalClockConfig               0x08017031   Thumb Code   184  stm32f4xx_tim.o(.text)
    TIM_ETRConfig                            0x080170e9   Thumb Code   164  stm32f4xx_tim.o(.text)
    TIM_ETRClockMode1Config                  0x0801718d   Thumb Code   228  stm32f4xx_tim.o(.text)
    TIM_ETRClockMode2Config                  0x08017271   Thumb Code   152  stm32f4xx_tim.o(.text)
    TIM_SelectOutputTrigger                  0x08017309   Thumb Code   126  stm32f4xx_tim.o(.text)
    TIM_SelectSlaveMode                      0x08017387   Thumb Code   112  stm32f4xx_tim.o(.text)
    TIM_SelectMasterSlaveMode                0x080173f7   Thumb Code   102  stm32f4xx_tim.o(.text)
    TIM_EncoderInterfaceConfig               0x0801745d   Thumb Code   226  stm32f4xx_tim.o(.text)
    TIM_SelectHallSensor                     0x0801753f   Thumb Code   108  stm32f4xx_tim.o(.text)
    TIM_RemapConfig                          0x080175ab   Thumb Code   138  stm32f4xx_tim.o(.text)
    USART_DeInit                             0x08017635   Thumb Code   202  stm32f4xx_usart.o(.text)
    USART_Init                               0x080176ff   Thumb Code   456  stm32f4xx_usart.o(.text)
    USART_StructInit                         0x080178c7   Thumb Code    24  stm32f4xx_usart.o(.text)
    USART_ClockInit                          0x080178df   Thumb Code   166  stm32f4xx_usart.o(.text)
    USART_ClockStructInit                    0x08017985   Thumb Code    12  stm32f4xx_usart.o(.text)
    USART_Cmd                                0x08017991   Thumb Code    96  stm32f4xx_usart.o(.text)
    USART_SetPrescaler                       0x080179f1   Thumb Code   160  stm32f4xx_usart.o(.text)
    USART_OverSampling8Cmd                   0x08017a91   Thumb Code    98  stm32f4xx_usart.o(.text)
    USART_OneBitMethodCmd                    0x08017af3   Thumb Code   100  stm32f4xx_usart.o(.text)
    USART_SendData                           0x08017b57   Thumb Code    84  stm32f4xx_usart.o(.text)
    USART_ReceiveData                        0x08017bab   Thumb Code    62  stm32f4xx_usart.o(.text)
    USART_SetAddress                         0x08017be9   Thumb Code    92  stm32f4xx_usart.o(.text)
    USART_ReceiverWakeUpCmd                  0x08017c45   Thumb Code   100  stm32f4xx_usart.o(.text)
    USART_WakeUpConfig                       0x08017ca9   Thumb Code    96  stm32f4xx_usart.o(.text)
    USART_LINBreakDetectLengthConfig         0x08017d09   Thumb Code    94  stm32f4xx_usart.o(.text)
    USART_LINCmd                             0x08017d67   Thumb Code   100  stm32f4xx_usart.o(.text)
    USART_SendBreak                          0x08017dcb   Thumb Code    64  stm32f4xx_usart.o(.text)
    USART_HalfDuplexCmd                      0x08017e0b   Thumb Code   100  stm32f4xx_usart.o(.text)
    USART_SetGuardTime                       0x08017e6f   Thumb Code    86  stm32f4xx_usart.o(.text)
    USART_SmartCardCmd                       0x08017ec5   Thumb Code    88  stm32f4xx_usart.o(.text)
    USART_SmartCardNACKCmd                   0x08017f1d   Thumb Code    88  stm32f4xx_usart.o(.text)
    USART_IrDAConfig                         0x08017f75   Thumb Code    94  stm32f4xx_usart.o(.text)
    USART_IrDACmd                            0x08017fd3   Thumb Code   100  stm32f4xx_usart.o(.text)
    USART_DMACmd                             0x08018037   Thumb Code   120  stm32f4xx_usart.o(.text)
    USART_ITConfig                           0x080180af   Thumb Code   268  stm32f4xx_usart.o(.text)
    USART_GetFlagStatus                      0x080181bb   Thumb Code   176  stm32f4xx_usart.o(.text)
    USART_ClearFlag                          0x0801826b   Thumb Code   160  stm32f4xx_usart.o(.text)
    USART_GetITStatus                        0x0801830b   Thumb Code   284  stm32f4xx_usart.o(.text)
    USART_ClearITPendingBit                  0x08018427   Thumb Code   170  stm32f4xx_usart.o(.text)
    SystemInit                               0x080185c5   Thumb Code    88  system_stm32f4xx.o(.text)
    SystemCoreClockUpdate                    0x0801861d   Thumb Code   174  system_stm32f4xx.o(.text)
    Reset_Handler                            0x080186f9   Thumb Code     8  startup_stm32f4xx.o(.text)
    HardFault_Handler                        0x08018703   Thumb Code     2  startup_stm32f4xx.o(.text)
    PendSV_Handler                           0x0801870f   Thumb Code     2  startup_stm32f4xx.o(.text)
    ADC_IRQHandler                           0x08018713   Thumb Code     0  startup_stm32f4xx.o(.text)
    CAN1_RX0_IRQHandler                      0x08018713   Thumb Code     0  startup_stm32f4xx.o(.text)
    CAN1_RX1_IRQHandler                      0x08018713   Thumb Code     0  startup_stm32f4xx.o(.text)
    CAN1_SCE_IRQHandler                      0x08018713   Thumb Code     0  startup_stm32f4xx.o(.text)
    CAN1_TX_IRQHandler                       0x08018713   Thumb Code     0  startup_stm32f4xx.o(.text)
    CAN2_RX0_IRQHandler                      0x08018713   Thumb Code     0  startup_stm32f4xx.o(.text)
    CAN2_RX1_IRQHandler                      0x08018713   Thumb Code     0  startup_stm32f4xx.o(.text)
    CAN2_SCE_IRQHandler                      0x08018713   Thumb Code     0  startup_stm32f4xx.o(.text)
    CAN2_TX_IRQHandler                       0x08018713   Thumb Code     0  startup_stm32f4xx.o(.text)
    CRYP_IRQHandler                          0x08018713   Thumb Code     0  startup_stm32f4xx.o(.text)
    DCMI_IRQHandler                          0x08018713   Thumb Code     0  startup_stm32f4xx.o(.text)
    DMA1_Stream0_IRQHandler                  0x08018713   Thumb Code     0  startup_stm32f4xx.o(.text)
    DMA1_Stream1_IRQHandler                  0x08018713   Thumb Code     0  startup_stm32f4xx.o(.text)
    DMA1_Stream2_IRQHandler                  0x08018713   Thumb Code     0  startup_stm32f4xx.o(.text)
    DMA1_Stream3_IRQHandler                  0x08018713   Thumb Code     0  startup_stm32f4xx.o(.text)
    DMA1_Stream4_IRQHandler                  0x08018713   Thumb Code     0  startup_stm32f4xx.o(.text)
    DMA1_Stream5_IRQHandler                  0x08018713   Thumb Code     0  startup_stm32f4xx.o(.text)
    DMA1_Stream6_IRQHandler                  0x08018713   Thumb Code     0  startup_stm32f4xx.o(.text)
    DMA1_Stream7_IRQHandler                  0x08018713   Thumb Code     0  startup_stm32f4xx.o(.text)
    DMA2_Stream0_IRQHandler                  0x08018713   Thumb Code     0  startup_stm32f4xx.o(.text)
    DMA2_Stream1_IRQHandler                  0x08018713   Thumb Code     0  startup_stm32f4xx.o(.text)
    DMA2_Stream2_IRQHandler                  0x08018713   Thumb Code     0  startup_stm32f4xx.o(.text)
    DMA2_Stream3_IRQHandler                  0x08018713   Thumb Code     0  startup_stm32f4xx.o(.text)
    DMA2_Stream4_IRQHandler                  0x08018713   Thumb Code     0  startup_stm32f4xx.o(.text)
    DMA2_Stream5_IRQHandler                  0x08018713   Thumb Code     0  startup_stm32f4xx.o(.text)
    DMA2_Stream6_IRQHandler                  0x08018713   Thumb Code     0  startup_stm32f4xx.o(.text)
    DMA2_Stream7_IRQHandler                  0x08018713   Thumb Code     0  startup_stm32f4xx.o(.text)
    ETH_IRQHandler                           0x08018713   Thumb Code     0  startup_stm32f4xx.o(.text)
    ETH_WKUP_IRQHandler                      0x08018713   Thumb Code     0  startup_stm32f4xx.o(.text)
    EXTI0_IRQHandler                         0x08018713   Thumb Code     0  startup_stm32f4xx.o(.text)
    EXTI15_10_IRQHandler                     0x08018713   Thumb Code     0  startup_stm32f4xx.o(.text)
    EXTI1_IRQHandler                         0x08018713   Thumb Code     0  startup_stm32f4xx.o(.text)
    EXTI2_IRQHandler                         0x08018713   Thumb Code     0  startup_stm32f4xx.o(.text)
    EXTI3_IRQHandler                         0x08018713   Thumb Code     0  startup_stm32f4xx.o(.text)
    EXTI4_IRQHandler                         0x08018713   Thumb Code     0  startup_stm32f4xx.o(.text)
    FLASH_IRQHandler                         0x08018713   Thumb Code     0  startup_stm32f4xx.o(.text)
    FPU_IRQHandler                           0x08018713   Thumb Code     0  startup_stm32f4xx.o(.text)
    FSMC_IRQHandler                          0x08018713   Thumb Code     0  startup_stm32f4xx.o(.text)
    HASH_RNG_IRQHandler                      0x08018713   Thumb Code     0  startup_stm32f4xx.o(.text)
    I2C1_ER_IRQHandler                       0x08018713   Thumb Code     0  startup_stm32f4xx.o(.text)
    I2C1_EV_IRQHandler                       0x08018713   Thumb Code     0  startup_stm32f4xx.o(.text)
    I2C2_ER_IRQHandler                       0x08018713   Thumb Code     0  startup_stm32f4xx.o(.text)
    I2C2_EV_IRQHandler                       0x08018713   Thumb Code     0  startup_stm32f4xx.o(.text)
    I2C3_ER_IRQHandler                       0x08018713   Thumb Code     0  startup_stm32f4xx.o(.text)
    I2C3_EV_IRQHandler                       0x08018713   Thumb Code     0  startup_stm32f4xx.o(.text)
    OTG_FS_WKUP_IRQHandler                   0x08018713   Thumb Code     0  startup_stm32f4xx.o(.text)
    OTG_HS_EP1_IN_IRQHandler                 0x08018713   Thumb Code     0  startup_stm32f4xx.o(.text)
    OTG_HS_EP1_OUT_IRQHandler                0x08018713   Thumb Code     0  startup_stm32f4xx.o(.text)
    OTG_HS_IRQHandler                        0x08018713   Thumb Code     0  startup_stm32f4xx.o(.text)
    OTG_HS_WKUP_IRQHandler                   0x08018713   Thumb Code     0  startup_stm32f4xx.o(.text)
    PVD_IRQHandler                           0x08018713   Thumb Code     0  startup_stm32f4xx.o(.text)
    RCC_IRQHandler                           0x08018713   Thumb Code     0  startup_stm32f4xx.o(.text)
    RTC_Alarm_IRQHandler                     0x08018713   Thumb Code     0  startup_stm32f4xx.o(.text)
    RTC_WKUP_IRQHandler                      0x08018713   Thumb Code     0  startup_stm32f4xx.o(.text)
    SDIO_IRQHandler                          0x08018713   Thumb Code     0  startup_stm32f4xx.o(.text)
    SPI1_IRQHandler                          0x08018713   Thumb Code     0  startup_stm32f4xx.o(.text)
    SPI2_IRQHandler                          0x08018713   Thumb Code     0  startup_stm32f4xx.o(.text)
    SPI3_IRQHandler                          0x08018713   Thumb Code     0  startup_stm32f4xx.o(.text)
    TAMP_STAMP_IRQHandler                    0x08018713   Thumb Code     0  startup_stm32f4xx.o(.text)
    TIM1_BRK_TIM9_IRQHandler                 0x08018713   Thumb Code     0  startup_stm32f4xx.o(.text)
    TIM1_CC_IRQHandler                       0x08018713   Thumb Code     0  startup_stm32f4xx.o(.text)
    TIM1_TRG_COM_TIM11_IRQHandler            0x08018713   Thumb Code     0  startup_stm32f4xx.o(.text)
    TIM1_UP_TIM10_IRQHandler                 0x08018713   Thumb Code     0  startup_stm32f4xx.o(.text)
    TIM2_IRQHandler                          0x08018713   Thumb Code     0  startup_stm32f4xx.o(.text)
    TIM5_IRQHandler                          0x08018713   Thumb Code     0  startup_stm32f4xx.o(.text)
    TIM6_DAC_IRQHandler                      0x08018713   Thumb Code     0  startup_stm32f4xx.o(.text)
    TIM7_IRQHandler                          0x08018713   Thumb Code     0  startup_stm32f4xx.o(.text)
    TIM8_BRK_TIM12_IRQHandler                0x08018713   Thumb Code     0  startup_stm32f4xx.o(.text)
    TIM8_CC_IRQHandler                       0x08018713   Thumb Code     0  startup_stm32f4xx.o(.text)
    TIM8_TRG_COM_TIM14_IRQHandler            0x08018713   Thumb Code     0  startup_stm32f4xx.o(.text)
    TIM8_UP_TIM13_IRQHandler                 0x08018713   Thumb Code     0  startup_stm32f4xx.o(.text)
    WWDG_IRQHandler                          0x08018713   Thumb Code     0  startup_stm32f4xx.o(.text)
    usbd_init                                0x0801871d   Thumb Code    22  usbd_core.o(.text)
    usbd_connect                             0x08018733   Thumb Code    12  usbd_core.o(.text)
    usbd_reset_core                          0x0801873f   Thumb Code    38  usbd_core.o(.text)
    usbd_configured                          0x08018765   Thumb Code    14  usbd_core.o(.text)
    USBD_SetupStage                          0x08018773   Thumb Code    12  usbd_core.o(.text)
    USBD_DataInStage                         0x0801877f   Thumb Code    66  usbd_core.o(.text)
    USBD_DataOutStage                        0x080187c1   Thumb Code    34  usbd_core.o(.text)
    USBD_StatusInStage                       0x080187e3   Thumb Code    14  usbd_core.o(.text)
    USBD_StatusOutStage                      0x080187f1   Thumb Code    12  usbd_core.o(.text)
    USBD_ReqGetStatus                        0x080187fd   Thumb Code   160  usbd_core.o(.text)
    USBD_ReqSetClrFeature                    0x0801889d   Thumb Code   216  usbd_core.o(.text)
    USBD_ReqGetDescriptor                    0x08018975   Thumb Code   380  usbd_core.o(.text)
    USBD_ReqGetConfiguration                 0x08018af1   Thumb Code   122  usbd_core.o(.text)
    USBD_ReqSetConfiguration                 0x08018b6b   Thumb Code   432  usbd_core.o(.text)
    USBD_ReqGetInterface                     0x08018d1b   Thumb Code    60  usbd_core.o(.text)
    USBD_ReqSetInterface                     0x08018d57   Thumb Code   308  usbd_core.o(.text)
    USBD_EndPoint0                           0x08018e8b   Thumb Code   680  usbd_core.o(.text)
    USBD_ReqGetDescriptor_HID                0x0801914d   Thumb Code   132  usbd_core_hid.o(.text)
    USBD_EndPoint0_Setup_HID_ReqToIF         0x080191d1   Thumb Code   200  usbd_core_hid.o(.text)
    USBD_EndPoint0_Out_HID_ReqToIF           0x08019299   Thumb Code    44  usbd_core_hid.o(.text)
    usbd_hid_init                            0x080192fd   Thumb Code     2  usbd_hid.o(.text)
    usbd_hid_get_protocol                    0x0801930d   Thumb Code     4  usbd_hid.o(.text)
    usbd_hid_set_protocol                    0x08019311   Thumb Code     2  usbd_hid.o(.text)
    USBD_HID_GetReport                       0x08019313   Thumb Code    54  usbd_hid.o(.text)
    USBD_HID_SetReport                       0x08019349   Thumb Code    58  usbd_hid.o(.text)
    USBD_HID_GetIdle                         0x08019383   Thumb Code    16  usbd_hid.o(.text)
    USBD_HID_SetIdle                         0x08019393   Thumb Code    48  usbd_hid.o(.text)
    USBD_HID_GetProtocol                     0x080193c3   Thumb Code    14  usbd_hid.o(.text)
    USBD_HID_SetProtocol                     0x080193d1   Thumb Code    14  usbd_hid.o(.text)
    USBD_HID_EP_INTIN_Event                  0x080193df   Thumb Code   422  usbd_hid.o(.text)
    USBD_HID_EP_INTOUT_Event                 0x08019585   Thumb Code   148  usbd_hid.o(.text)
    USBD_HID_Configure_Event                 0x08019619   Thumb Code    48  usbd_hid.o(.text)
    USBD_HID_EP_INT_Event                    0x08019649   Thumb Code    30  usbd_hid.o(.text)
    USBD_HID_SOF_Event                       0x08019667   Thumb Code   460  usbd_hid.o(.text)
    usbd_hid_get_report_trigger              0x08019833   Thumb Code   148  usbd_hid.o(.text)
    AccGyrStableCheck_Services               0x08019901   Thumb Code   512  ano_imu_calibration.o(.text)
    GetGyrAvValue                            0x08019b01   Thumb Code   174  ano_imu_calibration.o(.text)
    GetAccAvValue                            0x08019baf   Thumb Code   174  ano_imu_calibration.o(.text)
    ImuSensitivityInit                       0x08019c9d   Thumb Code   108  ano_imu_data.o(.text)
    ImuDataGet                               0x08019d09   Thumb Code    64  ano_imu_data.o(.text)
    ImuTemperatureGet                        0x08019d49   Thumb Code    10  ano_imu_data.o(.text)
    ImuDataCalcu                             0x08019d53   Thumb Code   282  ano_imu_data.o(.text)
    ImuServices_1ms_c                        0x08019e81   Thumb Code   116  ano_imu_task.o(.text)
    ImuServices_20ms_c                       0x08019ef5   Thumb Code    18  ano_imu_task.o(.text)
    __aeabi_memcpy                           0x08019f25   Thumb Code    36  memcpya.o(.text)
    __aeabi_memcpy4                          0x08019f25   Thumb Code     0  memcpya.o(.text)
    __aeabi_memcpy8                          0x08019f25   Thumb Code     0  memcpya.o(.text)
    __aeabi_dadd                             0x08019f49   Thumb Code   322  dadd.o(.text)
    __aeabi_dsub                             0x0801a08b   Thumb Code     6  dadd.o(.text)
    __aeabi_drsub                            0x0801a091   Thumb Code     6  dadd.o(.text)
    __aeabi_dmul                             0x0801a097   Thumb Code   228  dmul.o(.text)
    __aeabi_i2d                              0x0801a17b   Thumb Code    34  dflti.o(.text)
    __aeabi_d2iz                             0x0801a19d   Thumb Code    62  dfixi.o(.text)
    __aeabi_f2d                              0x0801a1db   Thumb Code    38  f2d.o(.text)
    __aeabi_cdcmpeq                          0x0801a201   Thumb Code     0  cdcmple.o(.text)
    __aeabi_cdcmple                          0x0801a201   Thumb Code    48  cdcmple.o(.text)
    __aeabi_cdrcmple                         0x0801a231   Thumb Code    48  cdrcmple.o(.text)
    __aeabi_d2f                              0x0801a261   Thumb Code    56  d2f.o(.text)
    __aeabi_llsl                             0x0801a299   Thumb Code    30  llshl.o(.text)
    _ll_shift_l                              0x0801a299   Thumb Code     0  llshl.o(.text)
    __aeabi_llsr                             0x0801a2b7   Thumb Code    32  llushr.o(.text)
    _ll_ushift_r                             0x0801a2b7   Thumb Code     0  llushr.o(.text)
    __aeabi_lasr                             0x0801a2d7   Thumb Code    36  llsshr.o(.text)
    _ll_sshift_r                             0x0801a2d7   Thumb Code     0  llsshr.o(.text)
    __I$use$fp                               0x0801a2fb   Thumb Code     0  iusefp.o(.text)
    _float_round                             0x0801a2fb   Thumb Code    18  fepilogue.o(.text)
    _float_epilogue                          0x0801a30d   Thumb Code    92  fepilogue.o(.text)
    _double_round                            0x0801a369   Thumb Code    30  depilogue.o(.text)
    _double_epilogue                         0x0801a387   Thumb Code   156  depilogue.o(.text)
    __scatterload                            0x0801a425   Thumb Code    28  init.o(.text)
    __scatterload_rt2                        0x0801a425   Thumb Code     0  init.o(.text)
    __decompress                             0x0801a449   Thumb Code     0  __dczerorl2.o(.text)
    __decompress1                            0x0801a449   Thumb Code    86  __dczerorl2.o(.text)
    __scatterload_copy                       0x0801a49f   Thumb Code    14  handlers.o(i.__scatterload_copy)
    __scatterload_null                       0x0801a4ad   Thumb Code     2  handlers.o(i.__scatterload_null)
    __scatterload_zeroinit                   0x0801a4af   Thumb Code    14  handlers.o(i.__scatterload_zeroinit)
    usbd_power                               0x0801a4bc   Data           1  usb_config.o(.constdata)
    usbd_hs_enable                           0x0801a4bd   Data           1  usb_config.o(.constdata)
    usbd_if_num                              0x0801a4be   Data           2  usb_config.o(.constdata)
    usbd_ep_num                              0x0801a4c0   Data           1  usb_config.o(.constdata)
    usbd_max_packet0                         0x0801a4c1   Data           1  usb_config.o(.constdata)
    usbd_hid_if_num                          0x0801a4c2   Data           1  usb_config.o(.constdata)
    usbd_hid_ep_intin                        0x0801a4c3   Data           1  usb_config.o(.constdata)
    usbd_hid_ep_intout                       0x0801a4c4   Data           1  usb_config.o(.constdata)
    usbd_hid_interval                        0x0801a4c6   Data           4  usb_config.o(.constdata)
    usbd_hid_maxpacketsize                   0x0801a4ca   Data           4  usb_config.o(.constdata)
    usbd_hid_inreport_num                    0x0801a4ce   Data           1  usb_config.o(.constdata)
    usbd_hid_outreport_num                   0x0801a4cf   Data           1  usb_config.o(.constdata)
    usbd_hid_inreport_max_sz                 0x0801a4d0   Data           2  usb_config.o(.constdata)
    usbd_hid_outreport_max_sz                0x0801a4d2   Data           2  usb_config.o(.constdata)
    usbd_hid_featreport_max_sz               0x0801a4d4   Data           2  usb_config.o(.constdata)
    USBD_P_Power_Event                       0x0801a4d8   Data           4  usb_config.o(.constdata)
    USBD_P_Reset_Event                       0x0801a4dc   Data           4  usb_config.o(.constdata)
    USBD_P_Suspend_Event                     0x0801a4e0   Data           4  usb_config.o(.constdata)
    USBD_P_Resume_Event                      0x0801a4e4   Data           4  usb_config.o(.constdata)
    USBD_P_WakeUp_Event                      0x0801a4e8   Data           4  usb_config.o(.constdata)
    USBD_P_SOF_Event                         0x0801a4ec   Data           4  usb_config.o(.constdata)
    USBD_P_Error_Event                       0x0801a4f0   Data           4  usb_config.o(.constdata)
    USBD_P_EP                                0x0801a4f4   Data          64  usb_config.o(.constdata)
    USBD_P_Configure_Event                   0x0801a534   Data           4  usb_config.o(.constdata)
    USBD_P_Interface_Event                   0x0801a538   Data           4  usb_config.o(.constdata)
    USBD_P_Feature_Event                     0x0801a53c   Data           4  usb_config.o(.constdata)
    __rtx                                    0x0801a540   Data           4  usb_config.o(.constdata)
    USBD_HID_ReportDescriptor                0x0801a544   Data          33  usb_config.o(.constdata)
    USBD_HID_ReportDescriptorSize            0x0801a566   Data           2  usb_config.o(.constdata)
    USBD_HID_DescriptorOffset                0x0801a568   Data           2  usb_config.o(.constdata)
    USBD_DeviceDescriptor                    0x0801a56a   Data          18  usb_config.o(.constdata)
    USBD_DeviceQualifier                     0x0801a57c   Data           1  usb_config.o(.constdata)
    USBD_DeviceQualifier_HS                  0x0801a57d   Data           1  usb_config.o(.constdata)
    USBD_ConfigDescriptor                    0x0801a57e   Data          42  usb_config.o(.constdata)
    USBD_ConfigDescriptor_HS                 0x0801a5a8   Data           1  usb_config.o(.constdata)
    USBD_OtherSpeedConfigDescriptor          0x0801a5a9   Data           1  usb_config.o(.constdata)
    USBD_OtherSpeedConfigDescriptor_HS       0x0801a5aa   Data           1  usb_config.o(.constdata)
    USBD_StringDescriptor                    0x0801a5ac   Data         132  usb_config.o(.constdata)
    _cs_idlist                               0x0801a630   Data          24  ano_dt.o(.constdata)
    fast_atan_table                          0x0801a648   Data        1028  ano_math.o(.constdata)
    gps_petrol_out_config                    0x0801aa4c   Data          28  drv_gps.o(.constdata)
    gps_pvt_out_config                       0x0801aa68   Data          90  drv_gps.o(.constdata)
    gps_rate_out_config                      0x0801aac2   Data          16  drv_gps.o(.constdata)
    Enter_Send                               0x0801aad2   Data           9  drv_gps.o(.constdata)
    Region$$Table$$Base                      0x0801ac20   Number         0  anon$$obj.o(Region$$Table)
    Region$$Table$$Limit                     0x0801ac40   Number         0  anon$$obj.o(Region$$Table)
    HID_SEND_TIMEOUT                         0x20000000   Data           1  ano_usb.o(.data)
    hid_datatemp_begin                       0x20000002   Data           2  ano_usb.o(.data)
    hid_datatemp_end                         0x20000004   Data           2  ano_usb.o(.data)
    USBD_AltSetting                          0x20000008   Data           1  usb_config.o(.data)
    USBD_HID_PollingCnt                      0x2000000a   Data           2  usb_config.o(.data)
    USBD_HID_IdleCnt                         0x2000000c   Data           1  usb_config.o(.data)
    USBD_HID_IdleReload                      0x2000000d   Data           1  usb_config.o(.data)
    USBD_HID_IdleSet                         0x2000000e   Data           1  usb_config.o(.data)
    USBD_HID_FeatReport                      0x2000000f   Data           2  usb_config.o(.data)
    MagType                                  0x20000068   Data           1  bsp_init.o(.data)
    of_init_type                             0x20000069   Data           1  bsp_init.o(.data)
    test_cali_cnt                            0x2000006a   Data           1  ano_dt.o(.data)
    unlock_f                                 0x2000006c   Data           2  ano_rc.o(.data)
    stick_fun_0                              0x2000006e   Data           1  ano_rc.o(.data)
    unlock_time                              0x20000070   Data           2  ano_rc.o(.data)
    cali_gyro                                0x20000072   Data           2  ano_rc.o(.data)
    cali_acc                                 0x20000074   Data           2  ano_rc.o(.data)
    cali_surface                             0x20000076   Data           2  ano_rc.o(.data)
    cali_mag                                 0x20000078   Data           4  ano_rc.o(.data)
    stick_fun_1                              0x2000007c   Data           1  ano_rc.o(.data)
    stick_fun_2                              0x2000007d   Data           1  ano_rc.o(.data)
    stick_fun_3                              0x2000007e   Data           1  ano_rc.o(.data)
    stick_fun_4                              0x2000007f   Data           1  ano_rc.o(.data)
    stick_fun_5_magcali                      0x20000080   Data           1  ano_rc.o(.data)
    of_buf_update_flag                       0x20000094   Data           1  ano_of_decofusion.o(.data)
    of_rot_d_degs                            0x20000098   Data           8  ano_of_decofusion.o(.data)
    of_fus_err                               0x200000a0   Data           8  ano_of_decofusion.o(.data)
    of_fus_err_i                             0x200000a8   Data           8  ano_of_decofusion.o(.data)
    height_target                            0x200000c4   Data           4  user_pid_height.o(.data)
    exp_                                     0x200000c8   Data           4  user_pid_height.o(.data)
    feedback                                 0x200000cc   Data           4  user_pid_height.o(.data)
    RC_task_time_2                           0x200000d4   Data           2  user_rc.o(.data)
    RC_task_time_3                           0x200000d6   Data           2  user_rc.o(.data)
    EN_XY                                    0x200000d8   Data           1  user_pid_xy.o(.data)
    X_err                                    0x200000dc   Data           4  user_pid_xy.o(.data)
    Y_err                                    0x200000e0   Data           4  user_pid_xy.o(.data)
    lim_                                     0x200000e4   Data           4  user_pid_xy.o(.data)
    yaw_target                               0x200000f0   Data           4  user_pid_yaw.o(.data)
    yaw_exp_                                 0x200000f4   Data           4  user_pid_yaw.o(.data)
    yaw_feedback                             0x200000f8   Data           4  user_pid_yaw.o(.data)
    yaw_error                                0x200000fc   Data           4  user_pid_yaw.o(.data)
    control_state_yaw                        0x20000100   Data           1  user_pid_yaw.o(.data)
    u3_state                                 0x20000108   Data           1  user_openmv_datarecieve.o(.data)
    u3_func                                  0x20000109   Data           1  user_openmv_datarecieve.o(.data)
    u3_len_                                  0x2000010a   Data           1  user_openmv_datarecieve.o(.data)
    u3_len_reg                               0x2000010b   Data           1  user_openmv_datarecieve.o(.data)
    pixel_dx_                                0x2000010c   Data           4  user_openmv_cal.o(.data)
    pixel_dy_                                0x20000110   Data           4  user_openmv_cal.o(.data)
    real_dx_                                 0x20000114   Data           4  user_openmv_cal.o(.data)
    real_dy_                                 0x20000118   Data           4  user_openmv_cal.o(.data)
    cnt_detect                               0x2000011c   Data           1  user_openmv_cal.o(.data)
    control_state_openmv_localization        0x2000011d   Data           1  user_openmv_cal.o(.data)
    flag_stable                              0x2000011e   Data           1  user_openmv_cal.o(.data)
    stable_lim                               0x2000011f   Data           1  user_openmv_cal.o(.data)
    flag_detect                              0x20000120   Data           1  user_openmv_cal.o(.data)
    x_current                                0x20000124   Data           4  user_wayponit_control.o(.data)
    y_current                                0x20000128   Data           4  user_wayponit_control.o(.data)
    x_target                                 0x2000012c   Data           4  user_wayponit_control.o(.data)
    y_target                                 0x20000130   Data           4  user_wayponit_control.o(.data)
    x_error                                  0x20000134   Data           4  user_wayponit_control.o(.data)
    y_error                                  0x20000138   Data           4  user_wayponit_control.o(.data)
    control_state_waypoint                   0x2000013c   Data           1  user_wayponit_control.o(.data)
    flag_arrive_the_waypoint                 0x2000013d   Data           1  user_wayponit_control.o(.data)
    u5_state                                 0x2000013e   Data           1  user_car_data.o(.data)
    u5_func                                  0x2000013f   Data           1  user_car_data.o(.data)
    u5_len_                                  0x20000140   Data           1  user_car_data.o(.data)
    u5_len_reg                               0x20000141   Data           1  user_car_data.o(.data)
    u2_state                                 0x20000142   Data           1  user_extend_data.o(.data)
    u2_func                                  0x20000143   Data           1  user_extend_data.o(.data)
    u2_len_                                  0x20000144   Data           1  user_extend_data.o(.data)
    u2_len_reg                               0x20000145   Data           1  user_extend_data.o(.data)
    switchs                                  0x20000146   Data           8  ano_fcdata.o(.data)
    imu_data                                 0x2000015c   Data         232  ano_imu.o(.data)
    imu_state                                0x20000278   Data          24  ano_imu.o(.data)
    ref_height_old                           0x200002b0   Data           4  ano_motioncal.o(.data)
    ref_speed_old                            0x200002b4   Data           4  ano_motioncal.o(.data)
    wcz_ref_height                           0x200002b8   Data           4  ano_motioncal.o(.data)
    wcz_ref_speed                            0x200002bc   Data           4  ano_motioncal.o(.data)
    wcz_ref_acc                              0x200002c0   Data           4  ano_motioncal.o(.data)
    flying_cnt                               0x200002ee   Data           2  ano_flightctrl.o(.data)
    landing_cnt                              0x200002f0   Data           2  ano_flightctrl.o(.data)
    stop_baro_hpf                            0x200002f4   Data           4  ano_flightctrl.o(.data)
    jsdata                                   0x20000304   Data           6  ano_flightctrl.o(.data)
    speed_mode_old                           0x2000030a   Data           1  ano_flightctrl.o(.data)
    flight_mode_old                          0x2000030b   Data           1  ano_flightctrl.o(.data)
    vel_fb_d_lpf                             0x20000324   Data           8  ano_locctrl.o(.data)
    vel_fb_h                                 0x2000032c   Data           8  ano_locctrl.o(.data)
    vel_fb_w                                 0x20000334   Data           8  ano_locctrl.o(.data)
    vel_fb_fix_w                             0x2000033c   Data           8  ano_locctrl.o(.data)
    mag                                      0x2000035c   Data           8  ano_magprocess.o(.data)
    motor                                    0x20000370   Data           8  ano_motorctrl.o(.data)
    motor_step                               0x20000378   Data           8  ano_motorctrl.o(.data)
    IDLING                                   0x20000382   Data           2  ano_motorctrl.o(.data)
    Plane_Votage                             0x20000384   Data           4  ano_power.o(.data)
    test_time_cnt                            0x20000390   Data           2  ano_flightdatacal.o(.data)
    baro_height                              0x2000039c   Data           4  ano_flightdatacal.o(.data)
    baro_h_offset                            0x200003a0   Data           4  ano_flightdatacal.o(.data)
    ref_height_get_1                         0x200003a4   Data           4  ano_flightdatacal.o(.data)
    ref_height_get_2                         0x200003a8   Data           4  ano_flightdatacal.o(.data)
    ref_height_used                          0x200003ac   Data           4  ano_flightdatacal.o(.data)
    baro2tof_offset                          0x200003b0   Data           4  ano_flightdatacal.o(.data)
    tof2baro_offset                          0x200003b4   Data           4  ano_flightdatacal.o(.data)
    baro_fix1                                0x200003b8   Data           4  ano_flightdatacal.o(.data)
    baro_fix2                                0x200003bc   Data           4  ano_flightdatacal.o(.data)
    baro_fix                                 0x200003c0   Data           4  ano_flightdatacal.o(.data)
    wcz_acc_use                              0x200003c8   Data           4  ano_flightdatacal.o(.data)
    ref_tof_height                           0x200003cc   Data           2  ano_flightdatacal.o(.data)
    led_accuracy                             0x200003d4   Data           2  drv_led.o(.data)
    LED_Brightness                           0x200003d8   Data          16  drv_led.o(.data)
    AdcValue                                 0x200003fc   Data           2  drv_adc.o(.data)
    para_sta                                 0x200003fe   Data           4  ano_parameter.o(.data)
    sysTickUptime                            0x20000404   Data           4  drv_time.o(.data)
    systime_ms                               0x20000408   Data           4  drv_time.o(.data)
    TxCounter                                0x2000040c   Data           1  drv_usart.o(.data)
    count                                    0x2000040d   Data           1  drv_usart.o(.data)
    Tx3Counter                               0x2000040e   Data           1  drv_usart.o(.data)
    count3                                   0x2000040f   Data           1  drv_usart.o(.data)
    Tx4Counter                               0x20000410   Data           1  drv_usart.o(.data)
    count4                                   0x20000411   Data           1  drv_usart.o(.data)
    Tx5Counter                               0x20000412   Data           1  drv_usart.o(.data)
    count5                                   0x20000413   Data           1  drv_usart.o(.data)
    alt_3                                    0x20000420   Data           4  drv_spl06.o(.data)
    baro_start                               0x20000424   Data           1  drv_spl06.o(.data)
    OutMaxPacketSize                         0x20000428   Data          16  usbd_stm32f4xx_fs.o(.data)
    InPacketDataPtr                          0x20000438   Data          16  usbd_stm32f4xx_fs.o(.data)
    InPacketDataReady                        0x20000448   Data           4  usbd_stm32f4xx_fs.o(.data)
    SyncWriteEP                              0x2000044c   Data           4  usbd_stm32f4xx_fs.o(.data)
    IsoOutTokenRead                          0x20000450   Data           4  usbd_stm32f4xx_fs.o(.data)
    len                                      0x20000458   Data           2  drv_gps.o(.data)
    wcx_acc_use                              0x2000045c   Data           4  drv_gps.o(.data)
    wcy_acc_use                              0x20000460   Data           4  drv_gps.o(.data)
    GPS_get_cnt                              0x20000464   Data           1  drv_gps.o(.data)
    temperature_err                          0x20000474   Data           4  drv_heating.o(.data)
    temperature_err_i                        0x20000478   Data           4  drv_heating.o(.data)
    temperature_diff                         0x2000047c   Data           4  drv_heating.o(.data)
    temperature_ctrl_val                     0x20000480   Data           4  drv_heating.o(.data)
    LASER_LINKOK                             0x20000488   Data           1  drv_laser.o(.data)
    Laser_height_cm                          0x2000048a   Data           2  drv_laser.o(.data)
    of_init_cnt                              0x2000048e   Data           1  drv_up_flow.o(.data)
    of_buf_update_cnt                        0x2000048f   Data           1  drv_up_flow.o(.data)
    SystemCoreClock                          0x200004b8   Data           4  system_stm32f4xx.o(.data)
    AHBPrescTable                            0x200004bc   Data          16  system_stm32f4xx.o(.data)
    USBD_DeviceStatus                        0x200004cc   Data           2  usbd_core.o(.data)
    USBD_DeviceAddress                       0x200004ce   Data           1  usbd_core.o(.data)
    USBD_Configuration                       0x200004cf   Data           1  usbd_core.o(.data)
    USBD_EndPointMask                        0x200004d0   Data           4  usbd_core.o(.data)
    USBD_EndPointHalt                        0x200004d4   Data           4  usbd_core.o(.data)
    USBD_EndPointStall                       0x200004d8   Data           4  usbd_core.o(.data)
    USBD_NumInterfaces                       0x200004dc   Data           1  usbd_core.o(.data)
    USBD_HighSpeed                           0x200004dd   Data           1  usbd_core.o(.data)
    USBD_ZLP                                 0x200004de   Data           1  usbd_core.o(.data)
    USBD_EP0Data                             0x200004e0   Data           8  usbd_core.o(.data)
    USBD_SetupPacket                         0x200004e8   Data           8  usbd_core.o(.data)
    USBD_HID_Protocol                        0x200004f0   Data           1  usbd_hid.o(.data)
    DataOutAsyncReq                          0x200004f4   Data           4  usbd_hid.o(.data)
    DataOutUpdateReqMask                     0x200004f8   Data           4  usbd_hid.o(.data)
    ptrDataOut                               0x200004fc   Data           4  usbd_hid.o(.data)
    DataOutToSendLen                         0x20000500   Data           2  usbd_hid.o(.data)
    DataOutSentLen                           0x20000502   Data           2  usbd_hid.o(.data)
    DataOutEndWithShortPacket                0x20000504   Data           4  usbd_hid.o(.data)
    ptrDataIn                                0x20000508   Data           4  usbd_hid.o(.data)
    DataInReceLen                            0x2000050c   Data           2  usbd_hid.o(.data)
    ptrDataFeat                              0x20000510   Data           4  usbd_hid.o(.data)
    DataFeatReceLen                          0x20000514   Data           2  usbd_hid.o(.data)
    st_imu_cali                              0x20000518   Data           4  ano_imu_calibration.o(.data)
    hid_datatemp                             0x20000530   Data        1000  ano_usb.o(.bss)
    hid_data2send                            0x20000918   Data          64  ano_usb.o(.bss)
    USBD_EP0Buf                              0x20000958   Data          64  usb_config.o(.bss)
    USBD_HID_InReport                        0x20000998   Data          65  usb_config.o(.bss)
    USBD_HID_OutReport                       0x200009d9   Data          65  usb_config.o(.bss)
    stk_usb_msc_task                         0x20000a20   Data         600  usb_config.o(.bss)
    test_dT_1000hz                           0x20000c78   Data          12  ano_scheduler.o(.bss)
    test_rT                                  0x20000c84   Data          24  ano_scheduler.o(.bss)
    dt                                       0x20000c9c   Data         432  ano_dt.o(.bss)
    CycleSendData                            0x20000e4c   Data          64  ano_dt.o(.bss)
    OtherSendData                            0x20000e8c   Data         335  ano_dt.o(.bss)
    otherDataTmp                             0x20000fdb   Data          64  ano_dt.o(.bss)
    CH_N                                     0x200010e4   Data          16  ano_rc.o(.bss)
    ano_of                                   0x200010f4   Data          60  ano_of.o(.bss)
    program_ctrl                             0x20001170   Data          84  ano_flyctrl.o(.bss)
    uwb_data                                 0x200011c4   Data          60  ano_uwb.o(.bss)
    pc_user                                  0x20001400   Data          32  ano_programctrl_user.o(.bss)
    ano_opmv_cbt_ctrl                        0x20001420   Data          52  ano_opmv_cbtracking_ctrl.o(.bss)
    ano_opmv_lt_ctrl                         0x20001464   Data          32  ano_opmv_linetracking_ctrl.o(.bss)
    of_data                                  0x20001484   Data          10  ano_of_decofusion.o(.bss)
    of_rdf                                   0x20001490   Data          72  ano_of_decofusion.o(.bss)
    height_arg                               0x200014d8   Data          24  user_pid_height.o(.bss)
    height_val                               0x200014f0   Data          40  user_pid_height.o(.bss)
    X_arg                                    0x20001518   Data          24  user_pid_xy.o(.bss)
    Y_arg                                    0x20001530   Data          24  user_pid_xy.o(.bss)
    X_val                                    0x20001548   Data          40  user_pid_xy.o(.bss)
    Y_val                                    0x20001570   Data          40  user_pid_xy.o(.bss)
    yaw_arg                                  0x20001598   Data          24  user_pid_yaw.o(.bss)
    yaw_val                                  0x200015b0   Data          40  user_pid_yaw.o(.bss)
    u3_data_reg                              0x200015d8   Data          56  user_openmv_datarecieve.o(.bss)
    u5_data_reg                              0x20001610   Data          56  user_car_data.o(.bss)
    u2_data_reg                              0x20001648   Data          56  user_extend_data.o(.bss)
    flag                                     0x20001680   Data          28  ano_fcdata.o(.bss)
    fc_stv                                   0x2000169c   Data          16  ano_fcdata.o(.bss)
    sens_hd_check                            0x200016ac   Data           9  ano_fcdata.o(.bss)
    att_matrix                               0x200016b8   Data          36  ano_imu.o(.bss)
    imu_test                                 0x20001700   Data          12  ano_imu.o(.bss)
    wcz_acc_fus                              0x2000170c   Data          28  ano_motioncal.o(.bss)
    wcz_spe_fus                              0x20001728   Data          24  ano_motioncal.o(.bss)
    wcz_hei_fus                              0x20001740   Data          24  ano_motioncal.o(.bss)
    center_pos                               0x20001758   Data          60  ano_sensor_basic.o(.bss)
    sensor                                   0x20001794   Data          60  ano_sensor_basic.o(.bss)
    sensor_val                               0x200017d0   Data          24  ano_sensor_basic.o(.bss)
    alt_arg_2                                0x20001860   Data          24  ano_altctrl.o(.bss)
    alt_val_2                                0x20001878   Data          40  ano_altctrl.o(.bss)
    alt_arg_1                                0x200018a0   Data          24  ano_altctrl.o(.bss)
    alt_val_1                                0x200018b8   Data          40  ano_altctrl.o(.bss)
    arg_2                                    0x200018e0   Data          72  ano_attctrl.o(.bss)
    arg_1                                    0x20001928   Data          72  ano_attctrl.o(.bss)
    val_2                                    0x20001970   Data         120  ano_attctrl.o(.bss)
    val_1                                    0x200019e8   Data         120  ano_attctrl.o(.bss)
    att_2l_ct                                0x20001a60   Data          36  ano_attctrl.o(.bss)
    att_1l_ct                                0x20001a84   Data          28  ano_attctrl.o(.bss)
    rolling_flag                             0x20001ab0   Data          24  ano_attctrl.o(.bss)
    fs                                       0x20001ac8   Data          52  ano_flightctrl.o(.bss)
    loc_arg_1                                0x20001afc   Data          48  ano_locctrl.o(.bss)
    loc_val_1                                0x20001b2c   Data          80  ano_locctrl.o(.bss)
    loc_arg_1_fix                            0x20001b7c   Data          48  ano_locctrl.o(.bss)
    loc_val_1_fix                            0x20001bac   Data          80  ano_locctrl.o(.bss)
    loc_ctrl_1                               0x20001bfc   Data          36  ano_locctrl.o(.bss)
    loc_ctrl_2                               0x20001c20   Data          36  ano_locctrl.o(.bss)
    mc                                       0x20001c44   Data          16  ano_motorctrl.o(.bss)
    LED_STA                                  0x20001c54   Data          15  drv_led.o(.bss)
    Ano_Parame                               0x20001c64   Data        4096  ano_parameter.o(.bss)
    TxBuffer                                 0x20002c64   Data         256  drv_usart.o(.bss)
    Rx_Buf                                   0x20002d64   Data         256  drv_usart.o(.bss)
    Tx3Buffer                                0x20002e64   Data         256  drv_usart.o(.bss)
    Tx4Buffer                                0x20002f64   Data         256  drv_usart.o(.bss)
    Tx5Buffer                                0x20003064   Data         256  drv_usart.o(.bss)
    ak09915Buf                               0x20003164   Data           9  drv_ak09915.o(.bss)
    spl_data                                 0x2000319c   Data          20  drv_spl06.o(.bss)
    HID_IntInPacketData                      0x200031bc   Data          64  usbd_stm32f4xx_fs.o(.bss)
    IsoOutPacketDataPtr                      0x200031fc   Data          16  usbd_stm32f4xx_fs.o(.bss)
    InPacketDataCnt                          0x2000320c   Data          16  usbd_stm32f4xx_fs.o(.bss)
    IsoOutPacketDataCnt                      0x2000321c   Data          16  usbd_stm32f4xx_fs.o(.bss)
    Gps_information                          0x20003230   Data         112  drv_gps.o(.bss)
    GPS_data_buff                            0x200032a0   Data         100  drv_gps.o(.bss)
    ext_sens                                 0x20003304   Data          23  drv_gps.o(.bss)
    temperature_fb                           0x2000331c   Data          12  drv_heating.o(.bss)
    openmv_buf                               0x20003328   Data          20  drv_openmv.o(.bss)
    opmv                                     0x2000333c   Data          26  drv_openmv.o(.bss)
    OF_DATA                                  0x20003356   Data          14  drv_up_flow.o(.bss)
    st_bmi_data                              0x20003372   Data          14  drv_bmi088.o(.bss)
    rc_in                                    0x20003380   Data          82  drv_bsp.o(.bss)
    st_imuData                               0x20003434   Data         152  ano_imu_data.o(.bss)
    test_st                                  0x200034cc   Data          16  ano_imu_data.o(.bss)
    __initial_sp                             0x20003ce0   Data           0  startup_stm32f4xx.o(STACK)



==============================================================================

Memory Map of the image

  Image Entry point : 0x08000189

  Load Region LR_IROM1 (Base: 0x08000000, Size: 0x0001b170, Max: 0x00100000, ABSOLUTE, COMPRESSED[0x0001acbc])

    Execution Region ER_IROM1 (Exec base: 0x08000000, Load base: 0x08000000, Size: 0x0001ac40, Max: 0x00100000, ABSOLUTE)

    Exec Addr    Load Addr    Size         Type   Attr      Idx    E Section Name        Object

    0x08000000   0x08000000   0x00000188   Data   RO         2214    RESET               startup_stm32f4xx.o
    0x08000188   0x08000188   0x00000000   Code   RO         2367  * .ARM.Collect$$$$00000000  mc_w.l(entry.o)
    0x08000188   0x08000188   0x00000004   Code   RO         2390    .ARM.Collect$$$$00000001  mc_w.l(entry2.o)
    0x0800018c   0x0800018c   0x00000004   Code   RO         2393    .ARM.Collect$$$$00000004  mc_w.l(entry5.o)
    0x08000190   0x08000190   0x00000000   Code   RO         2395    .ARM.Collect$$$$00000008  mc_w.l(entry7b.o)
    0x08000190   0x08000190   0x00000000   Code   RO         2397    .ARM.Collect$$$$0000000A  mc_w.l(entry8b.o)
    0x08000190   0x08000190   0x00000008   Code   RO         2398    .ARM.Collect$$$$0000000B  mc_w.l(entry9a.o)
    0x08000198   0x08000198   0x00000004   Code   RO         2405    .ARM.Collect$$$$0000000E  mc_w.l(entry12b.o)
    0x0800019c   0x0800019c   0x00000000   Code   RO         2400    .ARM.Collect$$$$0000000F  mc_w.l(entry10a.o)
    0x0800019c   0x0800019c   0x00000000   Code   RO         2402    .ARM.Collect$$$$00000011  mc_w.l(entry11a.o)
    0x0800019c   0x0800019c   0x00000004   Code   RO         2391    .ARM.Collect$$$$00002712  mc_w.l(entry2.o)
    0x080001a0   0x080001a0   0x00000058   Code   RO            2    .text               stm32f4xx_it.o
    0x080001f8   0x080001f8   0x00000198   Code   RO          149    .text               ano_usb.o
    0x08000390   0x08000390   0x00000052   Code   RO          226    .text               usb_config.o
    0x080003e2   0x080003e2   0x00000002   PAD
    0x080003e4   0x080003e4   0x0000001c   Code   RO          250    .text               main.o
    0x08000400   0x08000400   0x0000025c   Code   RO          266    .text               ano_scheduler.o
    0x0800065c   0x0800065c   0x0000017c   Code   RO          431    .text               bsp_init.o
    0x080007d8   0x080007d8   0x00001180   Code   RO          496    .text               ano_dt.o
    0x08001958   0x08001958   0x00000554   Code   RO          529    .text               ano_rc.o
    0x08001eac   0x08001eac   0x00000354   Code   RO          553    .text               ano_of.o
    0x08002200   0x08002200   0x0000098c   Code   RO          576    .text               ano_flyctrl.o
    0x08002b8c   0x08002b8c   0x000002dc   Code   RO          603    .text               ano_uwb.o
    0x08002e68   0x08002e68   0x000000d0   Code   RO          626    .text               ano_programctrl_user.o
    0x08002f38   0x08002f38   0x000005c4   Code   RO          720    .text               ano_of_decofusion.o
    0x080034fc   0x080034fc   0x00000158   Code   RO          747    .text               user_pid_height.o
    0x08003654   0x08003654   0x0000006c   Code   RO          840    .text               user_rc.o
    0x080036c0   0x080036c0   0x000001e0   Code   RO          863    .text               user_pid_xy.o
    0x080038a0   0x080038a0   0x00000208   Code   RO          886    .text               user_pid_yaw.o
    0x08003aa8   0x08003aa8   0x0000015c   Code   RO          913    .text               user_openmv_datarecieve.o
    0x08003c04   0x08003c04   0x000001d0   Code   RO          936    .text               user_openmv_cal.o
    0x08003dd4   0x08003dd4   0x0000009c   Code   RO          958    .text               user_wayponit_control.o
    0x08003e70   0x08003e70   0x000000ec   Code   RO          980    .text               user_car_data.o
    0x08003f5c   0x08003f5c   0x00000174   Code   RO         1003    .text               user_extend_data.o
    0x080040d0   0x080040d0   0x00000028   Code   RO         1030    .text               ano_fcdata.o
    0x080040f8   0x080040f8   0x00000844   Code   RO         1053    .text               ano_filter.o
    0x0800493c   0x0800493c   0x00000ba0   Code   RO         1080    .text               ano_imu.o
    0x080054dc   0x080054dc   0x000008d4   Code   RO         1107    .text               ano_math.o
    0x08005db0   0x08005db0   0x00000200   Code   RO         1126    .text               ano_motioncal.o
    0x08005fb0   0x08005fb0   0x00000120   Code   RO         1173    .text               ano_pid.o
    0x080060d0   0x080060d0   0x00000214   Code   RO         1192    .text               ano_sensor_basic.o
    0x080062e4   0x080062e4   0x000005dc   Code   RO         1214    .text               ano_altctrl.o
    0x080068c0   0x080068c0   0x00000a54   Code   RO         1257    .text               ano_attctrl.o
    0x08007314   0x08007314   0x000008bc   Code   RO         1284    .text               ano_flightctrl.o
    0x08007bd0   0x08007bd0   0x00000db8   Code   RO         1321    .text               ano_locctrl.o
    0x08008988   0x08008988   0x000004b0   Code   RO         1344    .text               ano_magprocess.o
    0x08008e38   0x08008e38   0x00000210   Code   RO         1370    .text               ano_motorctrl.o
    0x08009048   0x08009048   0x0000021c   Code   RO         1401    .text               ano_power.o
    0x08009264   0x08009264   0x0000040c   Code   RO         1423    .text               ano_flightdatacal.o
    0x08009670   0x08009670   0x00000658   Code   RO         1447    .text               drv_led.o
    0x08009cc8   0x08009cc8   0x00000124   Code   RO         1482    .text               drv_adc.o
    0x08009dec   0x08009dec   0x00001874   Code   RO         1504    .text               ano_parameter.o
    0x0800b660   0x0800b660   0x00000130   Code   RO         1527    .text               drv_spi.o
    0x0800b790   0x0800b790   0x0000031c   Code   RO         1546    .text               drv_pwm_out.o
    0x0800baac   0x0800baac   0x000001b8   Code   RO         1565    .text               drv_time.o
    0x0800bc64   0x0800bc64   0x0000074c   Code   RO         1595    .text               drv_usart.o
    0x0800c3b0   0x0800c3b0   0x0000012c   Code   RO         1630    .text               drv_ak8975.o
    0x0800c4dc   0x0800c4dc   0x000000a8   Code   RO         1651    .text               drv_ak09915.o
    0x0800c584   0x0800c584   0x00000700   Code   RO         1698    .text               drv_spl06.o
    0x0800cc84   0x0800cc84   0x000003c8   Code   RO         1721    .text               drv_w25qxx.o
    0x0800d04c   0x0800d04c   0x000012b8   Code   RO         1742    .text               usbd_stm32f4xx_fs.o
    0x0800e304   0x0800e304   0x0000066c   Code   RO         1769    .text               drv_gps.o
    0x0800e970   0x0800e970   0x00000390   Code   RO         1798    .text               drv_heating.o
    0x0800ed00   0x0800ed00   0x00000224   Code   RO         1867    .text               drv_up_flow.o
    0x0800ef24   0x0800ef24   0x000002a0   Code   RO         1895    .text               drv_bmi088.o
    0x0800f1c4   0x0800f1c4   0x00000460   Code   RO         1922    .text               drv_bsp.o
    0x0800f624   0x0800f624   0x000001e0   Code   RO         1948    .text               drv_rcin.o
    0x0800f804   0x0800f804   0x000001ec   Code   RO         1965    .text               misc.o
    0x0800f9f0   0x0800f9f0   0x0000107c   Code   RO         1981    .text               stm32f4xx_adc.o
    0x08010a6c   0x08010a6c   0x000013cc   Code   RO         2013    .text               stm32f4xx_dma.o
    0x08011e38   0x08011e38   0x0000030c   Code   RO         2029    .text               stm32f4xx_exti.o
    0x08012144   0x08012144   0x00000916   Code   RO         2061    .text               stm32f4xx_gpio.o
    0x08012a5a   0x08012a5a   0x00000002   PAD
    0x08012a5c   0x08012a5c   0x00000d7c   Code   RO         2109    .text               stm32f4xx_rcc.o
    0x080137d8   0x080137d8   0x00000bc8   Code   RO         2127    .text               stm32f4xx_spi.o
    0x080143a0   0x080143a0   0x00003294   Code   RO         2159    .text               stm32f4xx_tim.o
    0x08017634   0x08017634   0x00000eb4   Code   RO         2175    .text               stm32f4xx_usart.o
    0x080184e8   0x080184e8   0x00000210   Code   RO         2191    .text               system_stm32f4xx.o
    0x080186f8   0x080186f8   0x00000024   Code   RO         2215    .text               startup_stm32f4xx.o
    0x0801871c   0x0801871c   0x00000a30   Code   RO         2220    .text               usbd_core.o
    0x0801914c   0x0801914c   0x000001b0   Code   RO         2261    .text               usbd_core_hid.o
    0x080192fc   0x080192fc   0x00000604   Code   RO         2273    .text               usbd_hid.o
    0x08019900   0x08019900   0x0000039c   Code   RO         2289    .text               ano_imu_calibration.o
    0x08019c9c   0x08019c9c   0x000001e4   Code   RO         2315    .text               ano_imu_data.o
    0x08019e80   0x08019e80   0x000000a4   Code   RO         2337    .text               ano_imu_task.o
    0x08019f24   0x08019f24   0x00000024   Code   RO         2370    .text               mc_w.l(memcpya.o)
    0x08019f48   0x08019f48   0x0000014e   Code   RO         2374    .text               mf_w.l(dadd.o)
    0x0801a096   0x0801a096   0x000000e4   Code   RO         2376    .text               mf_w.l(dmul.o)
    0x0801a17a   0x0801a17a   0x00000022   Code   RO         2378    .text               mf_w.l(dflti.o)
    0x0801a19c   0x0801a19c   0x0000003e   Code   RO         2380    .text               mf_w.l(dfixi.o)
    0x0801a1da   0x0801a1da   0x00000026   Code   RO         2382    .text               mf_w.l(f2d.o)
    0x0801a200   0x0801a200   0x00000030   Code   RO         2384    .text               mf_w.l(cdcmple.o)
    0x0801a230   0x0801a230   0x00000030   Code   RO         2386    .text               mf_w.l(cdrcmple.o)
    0x0801a260   0x0801a260   0x00000038   Code   RO         2388    .text               mf_w.l(d2f.o)
    0x0801a298   0x0801a298   0x0000001e   Code   RO         2406    .text               mc_w.l(llshl.o)
    0x0801a2b6   0x0801a2b6   0x00000020   Code   RO         2408    .text               mc_w.l(llushr.o)
    0x0801a2d6   0x0801a2d6   0x00000024   Code   RO         2410    .text               mc_w.l(llsshr.o)
    0x0801a2fa   0x0801a2fa   0x00000000   Code   RO         2412    .text               mc_w.l(iusefp.o)
    0x0801a2fa   0x0801a2fa   0x0000006e   Code   RO         2413    .text               mf_w.l(fepilogue.o)
    0x0801a368   0x0801a368   0x000000ba   Code   RO         2415    .text               mf_w.l(depilogue.o)
    0x0801a422   0x0801a422   0x00000002   PAD
    0x0801a424   0x0801a424   0x00000024   Code   RO         2417    .text               mc_w.l(init.o)
    0x0801a448   0x0801a448   0x00000056   Code   RO         2427    .text               mc_w.l(__dczerorl2.o)
    0x0801a49e   0x0801a49e   0x0000000e   Code   RO         2421    i.__scatterload_copy  mc_w.l(handlers.o)
    0x0801a4ac   0x0801a4ac   0x00000002   Code   RO         2422    i.__scatterload_null  mc_w.l(handlers.o)
    0x0801a4ae   0x0801a4ae   0x0000000e   Code   RO         2423    i.__scatterload_zeroinit  mc_w.l(handlers.o)
    0x0801a4bc   0x0801a4bc   0x00000174   Data   RO          228    .constdata          usb_config.o
    0x0801a630   0x0801a630   0x00000018   Data   RO          498    .constdata          ano_dt.o
    0x0801a648   0x0801a648   0x00000404   Data   RO         1108    .constdata          ano_math.o
    0x0801aa4c   0x0801aa4c   0x0000008f   Data   RO         1771    .constdata          drv_gps.o
    0x0801aadb   0x0801aadb   0x00000142   Data   RO         1869    .constdata          drv_up_flow.o
    0x0801ac1d   0x0801ac1d   0x00000003   PAD
    0x0801ac20   0x0801ac20   0x00000020   Data   RO         2419    Region$$Table       anon$$obj.o


    Execution Region RW_IRAM1 (Exec base: 0x20000000, Load base: 0x0801ac40, Size: 0x00003ce0, Max: 0x00020000, ABSOLUTE, COMPRESSED[0x0000007c])

    Exec Addr    Load Addr    Size         Type   Attr      Idx    E Section Name        Object

    0x20000000   COMPRESSED   0x00000007   Data   RW          151    .data               ano_usb.o
    0x20000007   COMPRESSED   0x00000001   PAD
    0x20000008   COMPRESSED   0x00000009   Data   RW          229    .data               usb_config.o
    0x20000011   COMPRESSED   0x00000003   PAD
    0x20000014   COMPRESSED   0x00000054   Data   RW          268    .data               ano_scheduler.o
    0x20000068   COMPRESSED   0x00000002   Data   RW          432    .data               bsp_init.o
    0x2000006a   COMPRESSED   0x00000001   Data   RW          499    .data               ano_dt.o
    0x2000006b   COMPRESSED   0x00000001   PAD
    0x2000006c   COMPRESSED   0x00000015   Data   RW          531    .data               ano_rc.o
    0x20000081   COMPRESSED   0x00000003   Data   RW          555    .data               ano_of.o
    0x20000084   COMPRESSED   0x00000005   Data   RW          578    .data               ano_flyctrl.o
    0x20000089   COMPRESSED   0x00000001   PAD
    0x2000008a   COMPRESSED   0x00000007   Data   RW          605    .data               ano_uwb.o
    0x20000091   COMPRESSED   0x00000003   PAD
    0x20000094   COMPRESSED   0x00000030   Data   RW          722    .data               ano_of_decofusion.o
    0x200000c4   COMPRESSED   0x00000010   Data   RW          749    .data               user_pid_height.o
    0x200000d4   COMPRESSED   0x00000004   Data   RW          841    .data               user_rc.o
    0x200000d8   COMPRESSED   0x00000018   Data   RW          865    .data               user_pid_xy.o
    0x200000f0   COMPRESSED   0x00000018   Data   RW          888    .data               user_pid_yaw.o
    0x20000108   COMPRESSED   0x00000004   Data   RW          915    .data               user_openmv_datarecieve.o
    0x2000010c   COMPRESSED   0x00000015   Data   RW          937    .data               user_openmv_cal.o
    0x20000121   COMPRESSED   0x00000003   PAD
    0x20000124   COMPRESSED   0x0000001a   Data   RW          959    .data               user_wayponit_control.o
    0x2000013e   COMPRESSED   0x00000004   Data   RW          982    .data               user_car_data.o
    0x20000142   COMPRESSED   0x00000004   Data   RW         1005    .data               user_extend_data.o
    0x20000146   COMPRESSED   0x00000008   Data   RW         1032    .data               ano_fcdata.o
    0x2000014e   COMPRESSED   0x00000002   PAD
    0x20000150   COMPRESSED   0x0000000c   Data   RW         1054    .data               ano_filter.o
    0x2000015c   COMPRESSED   0x00000154   Data   RW         1082    .data               ano_imu.o
    0x200002b0   COMPRESSED   0x00000019   Data   RW         1128    .data               ano_motioncal.o
    0x200002c9   COMPRESSED   0x00000003   PAD
    0x200002cc   COMPRESSED   0x0000000e   Data   RW         1216    .data               ano_altctrl.o
    0x200002da   COMPRESSED   0x00000002   PAD
    0x200002dc   COMPRESSED   0x00000010   Data   RW         1259    .data               ano_attctrl.o
    0x200002ec   COMPRESSED   0x0000002c   Data   RW         1286    .data               ano_flightctrl.o
    0x20000318   COMPRESSED   0x00000036   Data   RW         1323    .data               ano_locctrl.o
    0x2000034e   COMPRESSED   0x00000002   PAD
    0x20000350   COMPRESSED   0x00000020   Data   RW         1345    .data               ano_magprocess.o
    0x20000370   COMPRESSED   0x00000014   Data   RW         1372    .data               ano_motorctrl.o
    0x20000384   COMPRESSED   0x0000000c   Data   RW         1402    .data               ano_power.o
    0x20000390   COMPRESSED   0x00000044   Data   RW         1424    .data               ano_flightdatacal.o
    0x200003d4   COMPRESSED   0x00000027   Data   RW         1449    .data               drv_led.o
    0x200003fb   COMPRESSED   0x00000001   PAD
    0x200003fc   COMPRESSED   0x00000002   Data   RW         1483    .data               drv_adc.o
    0x200003fe   COMPRESSED   0x00000004   Data   RW         1506    .data               ano_parameter.o
    0x20000402   COMPRESSED   0x00000002   PAD
    0x20000404   COMPRESSED   0x00000008   Data   RW         1566    .data               drv_time.o
    0x2000040c   COMPRESSED   0x00000008   Data   RW         1597    .data               drv_usart.o
    0x20000414   COMPRESSED   0x00000006   Data   RW         1631    .data               drv_ak8975.o
    0x2000041a   COMPRESSED   0x00000002   PAD
    0x2000041c   COMPRESSED   0x0000000b   Data   RW         1700    .data               drv_spl06.o
    0x20000427   COMPRESSED   0x00000001   PAD
    0x20000428   COMPRESSED   0x00000030   Data   RW         1744    .data               usbd_stm32f4xx_fs.o
    0x20000458   COMPRESSED   0x00000019   Data   RW         1772    .data               drv_gps.o
    0x20000471   COMPRESSED   0x00000003   PAD
    0x20000474   COMPRESSED   0x00000013   Data   RW         1800    .data               drv_heating.o
    0x20000487   COMPRESSED   0x00000001   PAD
    0x20000488   COMPRESSED   0x00000006   Data   RW         1823    .data               drv_laser.o
    0x2000048e   COMPRESSED   0x00000004   Data   RW         1870    .data               drv_up_flow.o
    0x20000492   COMPRESSED   0x00000002   Data   RW         1897    .data               drv_bmi088.o
    0x20000494   COMPRESSED   0x0000000e   Data   RW         1924    .data               drv_bsp.o
    0x200004a2   COMPRESSED   0x00000004   Data   RW         1949    .data               drv_rcin.o
    0x200004a6   COMPRESSED   0x00000010   Data   RW         2110    .data               stm32f4xx_rcc.o
    0x200004b6   COMPRESSED   0x00000002   PAD
    0x200004b8   COMPRESSED   0x00000014   Data   RW         2192    .data               system_stm32f4xx.o
    0x200004cc   COMPRESSED   0x00000024   Data   RW         2221    .data               usbd_core.o
    0x200004f0   COMPRESSED   0x00000027   Data   RW         2274    .data               usbd_hid.o
    0x20000517   COMPRESSED   0x00000001   PAD
    0x20000518   COMPRESSED   0x00000018   Data   RW         2291    .data               ano_imu_calibration.o
    0x20000530        -       0x00000428   Zero   RW          150    .bss                ano_usb.o
    0x20000958        -       0x00000320   Zero   RW          227    .bss                usb_config.o
    0x20000c78        -       0x00000024   Zero   RW          267    .bss                ano_scheduler.o
    0x20000c9c        -       0x00000448   Zero   RW          497    .bss                ano_dt.o
    0x200010e4        -       0x00000010   Zero   RW          530    .bss                ano_rc.o
    0x200010f4        -       0x0000007c   Zero   RW          554    .bss                ano_of.o
    0x20001170        -       0x00000054   Zero   RW          577    .bss                ano_flyctrl.o
    0x200011c4        -       0x0000023c   Zero   RW          604    .bss                ano_uwb.o
    0x20001400        -       0x00000020   Zero   RW          627    .bss                ano_programctrl_user.o
    0x20001420        -       0x00000044   Zero   RW          675    .bss                ano_opmv_cbtracking_ctrl.o
    0x20001464        -       0x00000020   Zero   RW          698    .bss                ano_opmv_linetracking_ctrl.o
    0x20001484        -       0x00000054   Zero   RW          721    .bss                ano_of_decofusion.o
    0x200014d8        -       0x00000040   Zero   RW          748    .bss                user_pid_height.o
    0x20001518        -       0x00000080   Zero   RW          864    .bss                user_pid_xy.o
    0x20001598        -       0x00000040   Zero   RW          887    .bss                user_pid_yaw.o
    0x200015d8        -       0x00000038   Zero   RW          914    .bss                user_openmv_datarecieve.o
    0x20001610        -       0x00000038   Zero   RW          981    .bss                user_car_data.o
    0x20001648        -       0x00000038   Zero   RW         1004    .bss                user_extend_data.o
    0x20001680        -       0x00000035   Zero   RW         1031    .bss                ano_fcdata.o
    0x200016b5   COMPRESSED   0x00000003   PAD
    0x200016b8        -       0x00000054   Zero   RW         1081    .bss                ano_imu.o
    0x2000170c        -       0x0000004c   Zero   RW         1127    .bss                ano_motioncal.o
    0x20001758        -       0x00000108   Zero   RW         1193    .bss                ano_sensor_basic.o
    0x20001860        -       0x00000080   Zero   RW         1215    .bss                ano_altctrl.o
    0x200018e0        -       0x000001e8   Zero   RW         1258    .bss                ano_attctrl.o
    0x20001ac8        -       0x00000034   Zero   RW         1285    .bss                ano_flightctrl.o
    0x20001afc        -       0x00000148   Zero   RW         1322    .bss                ano_locctrl.o
    0x20001c44        -       0x00000010   Zero   RW         1371    .bss                ano_motorctrl.o
    0x20001c54        -       0x0000000f   Zero   RW         1448    .bss                drv_led.o
    0x20001c63   COMPRESSED   0x00000001   PAD
    0x20001c64        -       0x00001000   Zero   RW         1505    .bss                ano_parameter.o
    0x20002c64        -       0x00000500   Zero   RW         1596    .bss                drv_usart.o
    0x20003164        -       0x00000009   Zero   RW         1652    .bss                drv_ak09915.o
    0x2000316d   COMPRESSED   0x00000003   PAD
    0x20003170        -       0x00000040   Zero   RW         1699    .bss                drv_spl06.o
    0x200031b0        -       0x0000000c   Zero   RW         1722    .bss                drv_w25qxx.o
    0x200031bc        -       0x00000070   Zero   RW         1743    .bss                usbd_stm32f4xx_fs.o
    0x2000322c   COMPRESSED   0x00000004   PAD
    0x20003230        -       0x000000eb   Zero   RW         1770    .bss                drv_gps.o
    0x2000331b   COMPRESSED   0x00000001   PAD
    0x2000331c        -       0x0000000c   Zero   RW         1799    .bss                drv_heating.o
    0x20003328        -       0x0000002e   Zero   RW         1845    .bss                drv_openmv.o
    0x20003356        -       0x0000001c   Zero   RW         1868    .bss                drv_up_flow.o
    0x20003372        -       0x0000000e   Zero   RW         1896    .bss                drv_bmi088.o
    0x20003380        -       0x0000006b   Zero   RW         1923    .bss                drv_bsp.o
    0x200033eb   COMPRESSED   0x00000001   PAD
    0x200033ec        -       0x00000048   Zero   RW         2290    .bss                ano_imu_calibration.o
    0x20003434        -       0x000000a8   Zero   RW         2316    .bss                ano_imu_data.o
    0x200034dc   COMPRESSED   0x00000004   PAD
    0x200034e0        -       0x00000800   Zero   RW         2212    STACK               startup_stm32f4xx.o


==============================================================================

Image component sizes


      Code (inc. data)   RO Data    RW Data    ZI Data      Debug   Object Name

      1500        144          0         14        128       2380   ano_altctrl.o
      2644        172          0         16        488       4805   ano_attctrl.o
      4480        156         24          1       1096      11126   ano_dt.o
        40         10          0          8         53       3139   ano_fcdata.o
      2116         26          0         12          0       7739   ano_filter.o
      2236        242          0         44         52       6073   ano_flightctrl.o
      1036        156          0         68          0       3491   ano_flightdatacal.o
      2444        382          0          5         84       3442   ano_flyctrl.o
      2976        182          0        340         84       5931   ano_imu.o
       924         64          0         24         72       3679   ano_imu_calibration.o
       484         20          0          0        168       3352   ano_imu_data.o
       164         30          0          0          0        723   ano_imu_task.o
      3512        288          0         54        328       3946   ano_locctrl.o
      1200         92          0         32          0       3519   ano_magprocess.o
      2260        146       1028          0          0       8392   ano_math.o
       512         60          0         25         76       1791   ano_motioncal.o
       528         32          0         20         16       2299   ano_motorctrl.o
       852         40          0          3        124       3226   ano_of.o
      1476        124          0         48         84       4763   ano_of_decofusion.o
         0          0          0          0         68       2180   ano_opmv_cbtracking_ctrl.o
         0          0          0          0         32       1827   ano_opmv_linetracking_ctrl.o
      6260        336          0          4       4096       9179   ano_parameter.o
       288          4          0          0          0       1976   ano_pid.o
       540         62          0         12          0       1066   ano_power.o
       208         26          0          0         32       2071   ano_programctrl_user.o
      1364        166          0         21         16       4820   ano_rc.o
       604         42          0         84         36       4097   ano_scheduler.o
       532         46          0          0        264       3410   ano_sensor_basic.o
       408         24          0          7       1064      15402   ano_usb.o
       732         48          0          7        572       3000   ano_uwb.o
       380         46          0          2          0       1546   bsp_init.o
       292         18          0          2          0       1513   drv_adc.o
       168         10          0          0          9       2109   drv_ak09915.o
       300         10          0          6          0       2188   drv_ak8975.o
       672         28          0          2         14       4033   drv_bmi088.o
      1120         54          0         14        107       3421   drv_bsp.o
      1644         88        143         25        235       5683   drv_gps.o
       912        174          0         19         12       2449   drv_heating.o
         0          0          0          6          0       1245   drv_laser.o
      1624         74          0         39         15       4903   drv_led.o
         0          0          0          0         46       1429   drv_openmv.o
       796         38          0          0          0       1902   drv_pwm_out.o
       480         20          0          4          0       1440   drv_rcin.o
       304         10          0          0          0       1799   drv_spi.o
      1792         58          0         11         64       5857   drv_spl06.o
       440         18          0          8          0      22094   drv_time.o
       548         28        322          4         28       2203   drv_up_flow.o
      1868         96          0          8       1280       5809   drv_usart.o
       968         14          0          0         12       5437   drv_w25qxx.o
        28          4          0          0          0       1109   main.o
       492         74          0          0          0       2241   misc.o
        36          8        392          0       2048        928   startup_stm32f4xx.o
      4220        148          0          0          0      13554   stm32f4xx_adc.o
      5068        352          0          0          0       9165   stm32f4xx_dma.o
       780         70          0          0          0       2919   stm32f4xx_exti.o
      2326        132          0          0          0       5617   stm32f4xx_gpio.o
        88          0          0          0          0     307082   stm32f4xx_it.o
      3452        262          0         16          0      13771   stm32f4xx_rcc.o
      3016        118          0          0          0       8749   stm32f4xx_spi.o
     12948        670          0          0          0      31412   stm32f4xx_tim.o
      3764        164          0          0          0      10300   stm32f4xx_usart.o
       528         46          0         20          0       2167   system_stm32f4xx.o
        82          0        372          9        800      15802   usb_config.o
      2608        202          0         36          0       8176   usbd_core.o
       432         68          0          0          0       1844   usbd_core_hid.o
      1540        184          0         39          0       6159   usbd_hid.o
      4792        220          0         48        112      27541   usbd_stm32f4xx_fs.o
       236         20          0          4         56       1835   user_car_data.o
       372         32          0          4         56       2653   user_extend_data.o
       464         48          0         21          0       2242   user_openmv_cal.o
       348         30          0          4         56       2526   user_openmv_datarecieve.o
       344         52          0         16         64       3072   user_pid_height.o
       480         56          0         24        128       1739   user_pid_xy.o
       520         64          0         24         64       2278   user_pid_yaw.o
       108         14          0          4          0        910   user_rc.o
       156         34          0         26          0       1665   user_wayponit_control.o

    ----------------------------------------------------------------------
    105860       6976       2316       1328      14256     697360   Object Totals
         0          0         32          0          0          0   (incl. Generated)
         4          0          3         34         17          0   (incl. Padding)

    ----------------------------------------------------------------------

      Code (inc. data)   RO Data    RW Data    ZI Data      Debug   Library Member Name

        86          0          0          0          0          0   __dczerorl2.o
         0          0          0          0          0          0   entry.o
         0          0          0          0          0          0   entry10a.o
         0          0          0          0          0          0   entry11a.o
         4          0          0          0          0          0   entry12b.o
         8          4          0          0          0          0   entry2.o
         4          0          0          0          0          0   entry5.o
         0          0          0          0          0          0   entry7b.o
         0          0          0          0          0          0   entry8b.o
         8          4          0          0          0          0   entry9a.o
        30          0          0          0          0          0   handlers.o
        36          8          0          0          0         68   init.o
         0          0          0          0          0          0   iusefp.o
        30          0          0          0          0         68   llshl.o
        36          0          0          0          0         68   llsshr.o
        32          0          0          0          0         68   llushr.o
        36          0          0          0          0         68   memcpya.o
        48          0          0          0          0         68   cdcmple.o
        48          0          0          0          0         68   cdrcmple.o
        56          0          0          0          0         88   d2f.o
       334          0          0          0          0        148   dadd.o
       186          0          0          0          0        176   depilogue.o
        62          0          0          0          0         80   dfixi.o
        34          0          0          0          0         76   dflti.o
       228          0          0          0          0         96   dmul.o
        38          0          0          0          0         68   f2d.o
       110          0          0          0          0        168   fepilogue.o

    ----------------------------------------------------------------------
      1456         16          0          0          0       1376   Library Totals
         2          0          0          0          0          0   (incl. Padding)

    ----------------------------------------------------------------------

      Code (inc. data)   RO Data    RW Data    ZI Data      Debug   Library Name

       310         16          0          0          0        340   mc_w.l
      1144          0          0          0          0       1036   mf_w.l

    ----------------------------------------------------------------------
      1456         16          0          0          0       1376   Library Totals

    ----------------------------------------------------------------------

==============================================================================


      Code (inc. data)   RO Data    RW Data    ZI Data      Debug   

    107316       6992       2316       1328      14256     684196   Grand Totals
    107316       6992       2316        124      14256     684196   ELF Image Totals (compressed)
    107316       6992       2316        124          0          0   ROM Totals

==============================================================================

    Total RO  Size (Code + RO Data)               109632 ( 107.06kB)
    Total RW  Size (RW Data + ZI Data)             15584 (  15.22kB)
    Total ROM Size (Code + RO Data + RW Data)     109756 ( 107.18kB)

==============================================================================

